Archive member included to satisfy reference by file (symbol)

/usr/lib/gcc/arm-none-eabi/10.3.1/thumb/v6-m/nofp/libgcc.a(_dvmd_tls.o)
                              CMakeFiles/PICO_FREERTOS.dir/home/eduarda/2025.1/RTOS/pico/pico-sdk/src/rp2_common/pico_divider/divider_hardware.S.o (__aeabi_idiv0)
/usr/lib/gcc/arm-none-eabi/10.3.1/../../../arm-none-eabi/lib/thumb/v6-m/nofp/libg.a(lib_a-atexit.o)
                              /usr/lib/gcc/arm-none-eabi/10.3.1/../../../arm-none-eabi/lib/thumb/v6-m/nofp/crt0.o (atexit)
/usr/lib/gcc/arm-none-eabi/10.3.1/../../../arm-none-eabi/lib/thumb/v6-m/nofp/libg.a(lib_a-atoi.o)
                              CMakeFiles/PICO_FREERTOS.dir/home/eduarda/2025.1/RTOS/pico/pico-sdk/lib/lwip/src/core/netif.c.o (atoi)
/usr/lib/gcc/arm-none-eabi/10.3.1/../../../arm-none-eabi/lib/thumb/v6-m/nofp/libg.a(lib_a-calloc.o)
                              CMakeFiles/PICO_FREERTOS.dir/home/eduarda/2025.1/RTOS/pico/pico-sdk/src/rp2_common/pico_malloc/malloc.c.o (calloc)
/usr/lib/gcc/arm-none-eabi/10.3.1/../../../arm-none-eabi/lib/thumb/v6-m/nofp/libg.a(lib_a-callocr.o)
                              /usr/lib/gcc/arm-none-eabi/10.3.1/../../../arm-none-eabi/lib/thumb/v6-m/nofp/libg.a(lib_a-calloc.o) (_calloc_r)
/usr/lib/gcc/arm-none-eabi/10.3.1/../../../arm-none-eabi/lib/thumb/v6-m/nofp/libg.a(lib_a-ctype_.o)
                              CMakeFiles/PICO_FREERTOS.dir/home/eduarda/2025.1/RTOS/pico/pico-sdk/lib/lwip/src/core/dns.c.o (_ctype_)
/usr/lib/gcc/arm-none-eabi/10.3.1/../../../arm-none-eabi/lib/thumb/v6-m/nofp/libg.a(lib_a-fini.o)
                              /usr/lib/gcc/arm-none-eabi/10.3.1/../../../arm-none-eabi/lib/thumb/v6-m/nofp/crt0.o (__libc_fini_array)
/usr/lib/gcc/arm-none-eabi/10.3.1/../../../arm-none-eabi/lib/thumb/v6-m/nofp/libg.a(lib_a-impure.o)
                              /usr/lib/gcc/arm-none-eabi/10.3.1/../../../arm-none-eabi/lib/thumb/v6-m/nofp/libg.a(lib_a-calloc.o) (_impure_ptr)
/usr/lib/gcc/arm-none-eabi/10.3.1/../../../arm-none-eabi/lib/thumb/v6-m/nofp/libg.a(lib_a-init.o)
                              /usr/lib/gcc/arm-none-eabi/10.3.1/../../../arm-none-eabi/lib/thumb/v6-m/nofp/crt0.o (__libc_init_array)
/usr/lib/gcc/arm-none-eabi/10.3.1/../../../arm-none-eabi/lib/thumb/v6-m/nofp/libg.a(lib_a-lcltime_r.o)
                              CMakeFiles/PICO_FREERTOS.dir/home/eduarda/2025.1/RTOS/pico/pico-sdk/src/common/pico_util/datetime.c.o (localtime_r)
/usr/lib/gcc/arm-none-eabi/10.3.1/../../../arm-none-eabi/lib/thumb/v6-m/nofp/libg.a(lib_a-malloc.o)
                              CMakeFiles/PICO_FREERTOS.dir/home/eduarda/2025.1/RTOS/pico/pico-sdk/src/rp2_common/pico_malloc/malloc.c.o (malloc)
/usr/lib/gcc/arm-none-eabi/10.3.1/../../../arm-none-eabi/lib/thumb/v6-m/nofp/libg.a(lib_a-mallocr.o)
                              /usr/lib/gcc/arm-none-eabi/10.3.1/../../../arm-none-eabi/lib/thumb/v6-m/nofp/libg.a(lib_a-callocr.o) (_malloc_r)
/usr/lib/gcc/arm-none-eabi/10.3.1/../../../arm-none-eabi/lib/thumb/v6-m/nofp/libg.a(lib_a-memcmp.o)
                              CMakeFiles/PICO_FREERTOS.dir/home/eduarda/2025.1/RTOS/pico/pico-sdk/src/rp2_common/pico_atomic/atomic.c.o (memcmp)
/usr/lib/gcc/arm-none-eabi/10.3.1/../../../arm-none-eabi/lib/thumb/v6-m/nofp/libg.a(lib_a-memmove.o)
                              CMakeFiles/PICO_FREERTOS.dir/home/eduarda/2025.1/RTOS/pico/pico-sdk/lib/lwip/src/core/def.c.o (memmove)
/usr/lib/gcc/arm-none-eabi/10.3.1/../../../arm-none-eabi/lib/thumb/v6-m/nofp/libg.a(lib_a-mktime.o)
                              CMakeFiles/PICO_FREERTOS.dir/home/eduarda/2025.1/RTOS/pico/pico-sdk/src/common/pico_util/datetime.c.o (mktime)
/usr/lib/gcc/arm-none-eabi/10.3.1/../../../arm-none-eabi/lib/thumb/v6-m/nofp/libg.a(lib_a-mlock.o)
                              /usr/lib/gcc/arm-none-eabi/10.3.1/../../../arm-none-eabi/lib/thumb/v6-m/nofp/libg.a(lib_a-mallocr.o) (__malloc_lock)
/usr/lib/gcc/arm-none-eabi/10.3.1/../../../arm-none-eabi/lib/thumb/v6-m/nofp/libg.a(lib_a-month_lengths.o)
                              /usr/lib/gcc/arm-none-eabi/10.3.1/../../../arm-none-eabi/lib/thumb/v6-m/nofp/libg.a(lib_a-lcltime_r.o) (__month_lengths)
/usr/lib/gcc/arm-none-eabi/10.3.1/../../../arm-none-eabi/lib/thumb/v6-m/nofp/libg.a(lib_a-realloc.o)
                              CMakeFiles/PICO_FREERTOS.dir/home/eduarda/2025.1/RTOS/pico/pico-sdk/src/rp2_common/pico_malloc/malloc.c.o (realloc)
/usr/lib/gcc/arm-none-eabi/10.3.1/../../../arm-none-eabi/lib/thumb/v6-m/nofp/libg.a(lib_a-reallocr.o)
                              /usr/lib/gcc/arm-none-eabi/10.3.1/../../../arm-none-eabi/lib/thumb/v6-m/nofp/libg.a(lib_a-realloc.o) (_realloc_r)
/usr/lib/gcc/arm-none-eabi/10.3.1/../../../arm-none-eabi/lib/thumb/v6-m/nofp/libg.a(lib_a-sbrkr.o)
                              /usr/lib/gcc/arm-none-eabi/10.3.1/../../../arm-none-eabi/lib/thumb/v6-m/nofp/libg.a(lib_a-mallocr.o) (_sbrk_r)
/usr/lib/gcc/arm-none-eabi/10.3.1/../../../arm-none-eabi/lib/thumb/v6-m/nofp/libg.a(lib_a-stpcpy.o)
[...]
Memory Configuration

Name             Origin             Length             Attributes
FLASH            0x0000000010000000 0x0000000000200000 xr
RAM              0x0000000020000000 0x0000000000040000 xrw
SCRATCH_X        0x0000000020040000 0x0000000000001000 xrw
SCRATCH_Y        0x0000000020041000 0x0000000000001000 xrw
*default*        0x0000000000000000 0xffffffffffffffff

Linker script and memory map

LOAD /usr/lib/gcc/arm-none-eabi/10.3.1/thumb/v6-m/nofp/crti.o
LOAD /usr/lib/gcc/arm-none-eabi/10.3.1/thumb/v6-m/nofp/crtbegin.o
LOAD /usr/lib/gcc/arm-none-eabi/10.3.1/../../../arm-none-eabi/lib/thumb/v6-m/nofp/crt0.o

.flash_begin    0x0000000010000000        0x0
                0x0000000010000000                __flash_binary_start = .

.boot2          0x0000000010000000      0x100
                0x0000000010000000                __boot2_start__ = .
 *(.boot2)
 .boot2         0x0000000010000000      0x100 ../pico-sdk/src/rp2040/boot_stage2/CMakeFiles/bs2_default_library.dir/bs2_default_padded_checksummed.S.o
                0x0000000010000100                __boot2_end__ = .
                0x0000000000000001                ASSERT (((__boot2_end__ - __boot2_start__) == 0x100), ERROR: Pico second stage bootloader must be 256 bytes in size)

.text           0x0000000010000100     0xa0c8
                0x0000000010000100                __logical_binary_start = .
 *(.vectors)
 .vectors       0x0000000010000100       0xd4 CMakeFiles/PICO_FREERTOS.dir/home/eduarda/2025.1/RTOS/pico/pico-sdk/src/rp2_common/pico_crt0/crt0.S.o
                0x0000000010000100                __vectors
                0x0000000010000100                __VECTOR_TABLE
                0x00000000100001c0                isr_invalid
                0x00000000100001c0                __default_isrs_start
                0x00000000100001c2                isr_nmi
                0x00000000100001c4                isr_hardfault
                0x00000000100001c6                isr_svcall
                0x00000000100001c8                isr_pendsv
                0x00000000100001ca                isr_systick
                0x00000000100001cc                isr_irq30
                0x00000000100001cc                __unhandled_user_irq
                0x00000000100001cc                isr_irq13
                0x00000000100001cc                isr_irq27
                0x00000000100001cc                isr_irq31
                0x00000000100001cc                isr_irq5
                0x00000000100001cc                isr_irq11
                0x00000000100001cc                isr_irq23
                0x00000000100001cc                isr_irq18
                0x00000000100001cc                isr_irq28
                0x00000000100001cc                isr_irq19
                0x00000000100001cc                isr_irq0
                0x00000000100001cc                isr_irq6
                0x00000000100001cc                isr_irq22
                0x00000000100001cc                isr_irq17
                0x00000000100001cc                isr_irq14
                0x00000000100001cc                isr_irq2
                0x00000000100001cc                isr_irq10
                0x00000000100001cc                isr_irq8
                0x00000000100001cc                isr_irq24
                0x00000000100001cc                isr_irq1
                0x00000000100001cc                isr_irq7
                0x00000000100001cc                isr_irq21
                0x00000000100001cc                isr_irq20
                0x00000000100001cc                isr_irq15
                0x00000000100001cc                isr_irq25
                0x00000000100001cc                isr_irq4
                0x00000000100001cc                isr_irq16
                0x00000000100001cc                isr_irq29
                0x00000000100001cc                isr_irq26
                0x00000000100001cc                __default_isrs_end
                0x00000000100001cc                isr_irq3
                0x00000000100001cc                isr_irq12
                0x00000000100001cc                isr_irq9
                0x00000000100001d2                unhandled_user_irq_num_in_r0
 *(.binary_info_header)
 .binary_info_header
                0x00000000100001d4       0x14 CMakeFiles/PICO_FREERTOS.dir/home/eduarda/2025.1/RTOS/pico/pico-sdk/src/rp2_common/pico_crt0/crt0.S.o
                0x00000000100001e8                __binary_info_header_end = .
 *(.embedded_block)
                0x00000000100001e8                __embedded_block_end = .
 *(.reset)
 .reset         0x00000000100001e8       0x9c CMakeFiles/PICO_FREERTOS.dir/home/eduarda/2025.1/RTOS/pico/pico-sdk/src/rp2_common/pico_crt0/crt0.S.o
                0x00000000100001e8                _entry_point
 *(.init)
 .init          0x0000000010000284        0x4 /usr/lib/gcc/arm-none-eabi/10.3.1/thumb/v6-m/nofp/crti.o
                0x0000000010000284                _init
 *(EXCLUDE_FILE(*libm.a: *libc.a:*lib_a-mem*.o *libgcc.a:) .text*)
 .text          0x0000000010000288       0x98 /usr/lib/gcc/arm-none-eabi/10.3.1/thumb/v6-m/nofp/crtbegin.o
 .text.vUltrasonicTask
                0x0000000010000320       0x68 CMakeFiles/PICO_FREERTOS.dir/main.c.o
                0x0000000010000320                vUltrasonicTask
 .text.vMotorControlTask
                0x0000000010000388      0x120 CMakeFiles/PICO_FREERTOS.dir/main.c.o
                0x0000000010000388                vMotorControlTask
 .text.vBluetoothTask
                0x00000000100004a8       0xcc CMakeFiles/PICO_FREERTOS.dir/main.c.o
                0x00000000100004a8                vBluetoothTask
 .text.init_run_time_timer
                0x0000000010000574        0x4 CMakeFiles/PICO_FREERTOS.dir/main.c.o
                0x0000000010000574                init_run_time_timer
 .text.get_run_time_counter
                0x0000000010000578        0xc CMakeFiles/PICO_FREERTOS.dir/main.c.o
                0x0000000010000578                get_run_time_counter
 .text.vApplicationIdleHook
                0x0000000010000584        0x4 CMakeFiles/PICO_FREERTOS.dir/main.c.o
                0x0000000010000584                vApplicationIdleHook
 .text.startup.main
                0x0000000010000588       0xec CMakeFiles/PICO_FREERTOS.dir/main.c.o
                0x0000000010000588                main
 .text.setupUltrasonicPins
                0x0000000010000674       0x24 CMakeFiles/PICO_FREERTOS.dir/ultrasonic.c.o
                0x0000000010000674                setupUltrasonicPins
 .text.getPulse
                0x0000000010000698       0x94 CMakeFiles/PICO_FREERTOS.dir/ultrasonic.c.o
                0x0000000010000698                getPulse
 .text.getCm    0x000000001000072c       0x24 CMakeFiles/PICO_FREERTOS.dir/ultrasonic.c.o
                0x000000001000072c                getCm
 .text.configurar_motores
                0x0000000010000750       0x6c CMakeFiles/PICO_FREERTOS.dir/motores.c.o
                0x0000000010000750                configurar_motores
 .text.mover_frente
                0x00000000100007bc       0x40 CMakeFiles/PICO_FREERTOS.dir/motores.c.o
                0x00000000100007bc                mover_frente
 .text.parar_motores
                0x00000000100007fc       0x40 CMakeFiles/PICO_FREERTOS.dir/motores.c.o
                0x00000000100007fc                parar_motores
 .text.uart_init
                0x000000001000083c      0x11c CMakeFiles/PICO_FREERTOS.dir/home/eduarda/2025.1/RTOS/pico/pico-sdk/src/rp2_common/hardware_uart/uart.c.o
                0x000000001000083c                uart_init
 .text.uart_set_format
                0x0000000010000958       0x78 CMakeFiles/PICO_FREERTOS.dir/home/eduarda/2025.1/RTOS/pico/pico-sdk/src/rp2_common/hardware_uart/uart.c.o
                0x0000000010000958                uart_set_format
 .text.uart_set_fifo_enabled
                0x00000000100009d0       0x60 CMakeFiles/PICO_FREERTOS.dir/home/eduarda/2025.1/RTOS/pico/pico-sdk/src/rp2_common/hardware_uart/uart.c.o
                0x00000000100009d0                uart_set_fifo_enabled
 .text.rp2040_chip_version
                0x0000000010000a30        0xc CMakeFiles/PICO_FREERTOS.dir/home/eduarda/2025.1/RTOS/pico/pico-sdk/src/rp2040/pico_platform/platform.c.o
                0x0000000010000a30                rp2040_chip_version
 .text.panic    0x0000000010000a3c       0x30 CMakeFiles/PICO_FREERTOS.dir/home/eduarda/2025.1/RTOS/pico/pico-sdk/src/rp2_common/pico_platform_panic/panic.c.o
                0x0000000010000a3c                panic
 .text.panic_unsupported
                0x0000000010000a6c        0xc CMakeFiles/PICO_FREERTOS.dir/home/eduarda/2025.1/RTOS/pico/pico-sdk/src/rp2_common/pico_platform_panic/panic.c.o
                0x0000000010000a6c                panic_unsupported
 .text.hw_claim_or_assert
                0x0000000010000a78       0x44 CMakeFiles/PICO_FREERTOS.dir/home/eduarda/2025.1/RTOS/pico/pico-sdk/src/common/hardware_claim/claim.c.o
                0x0000000010000a78                hw_claim_or_assert
 .text.hw_claim_unused_from_range
                0x0000000010000abc       0x9c CMakeFiles/PICO_FREERTOS.dir/home/eduarda/2025.1/RTOS/pico/pico-sdk/src/common/hardware_claim/claim.c.o
                0x0000000010000abc                hw_claim_unused_from_range
 .text.next_striped_spin_lock_num
                0x0000000010000b58       0x18 CMakeFiles/PICO_FREERTOS.dir/home/eduarda/2025.1/RTOS/pico/pico-sdk/src/rp2_common/hardware_sync/sync.c.o
                0x0000000010000b58                next_striped_spin_lock_num
 .text.spin_lock_claim
                0x0000000010000b70       0x18 CMakeFiles/PICO_FREERTOS.dir/home/eduarda/2025.1/RTOS/pico/pico-sdk/src/rp2_common/hardware_sync/sync.c.o
                0x0000000010000b70                spin_lock_claim
 .text.spin_lock_claim_unused
                0x0000000010000b88       0x20 CMakeFiles/PICO_FREERTOS.dir/home/eduarda/2025.1/RTOS/pico/pico-sdk/src/rp2_common/hardware_sync/sync.c.o
                0x0000000010000b88                spin_lock_claim_unused
 .text.spin_locks_reset
                0x0000000010000ba8       0x1c CMakeFiles/PICO_FREERTOS.dir/home/eduarda/2025.1/RTOS/pico/pico-sdk/src/rp2_common/hardware_sync_spin_lock/sync_spin_lock.c.o
                0x0000000010000ba8                spin_locks_reset
 .text.clock_configure_int_divider
                0x0000000010000bc4       0xf4 CMakeFiles/PICO_FREERTOS.dir/home/eduarda/2025.1/RTOS/pico/pico-sdk/src/rp2_common/hardware_clocks/clocks.c.o
                0x0000000010000bc4                clock_configure_int_divider
 .text.clock_configure_undivided
                0x0000000010000cb8       0xe8 CMakeFiles/PICO_FREERTOS.dir/home/eduarda/2025.1/RTOS/pico/pico-sdk/src/rp2_common/hardware_clocks/clocks.c.o
                0x0000000010000cb8                clock_configure_undivided
 .text.clock_get_hz
                0x0000000010000da0        0xc CMakeFiles/PICO_FREERTOS.dir/home/eduarda/2025.1/RTOS/pico/pico-sdk/src/rp2_common/hardware_clocks/clocks.c.o
                0x0000000010000da0                clock_get_hz
 .text.gpio_set_function
                0x0000000010000dac       0x34 CMakeFiles/PICO_FREERTOS.dir/home/eduarda/2025.1/RTOS/pico/pico-sdk/src/rp2_common/hardware_gpio/gpio.c.o
                0x0000000010000dac                gpio_set_function
 .text.gpio_init
                0x0000000010000de0       0x40 CMakeFiles/PICO_FREERTOS.dir/home/eduarda/2025.1/RTOS/pico/pico-sdk/src/rp2_common/hardware_gpio/gpio.c.o
                0x0000000010000de0                gpio_init
 .text.runtime_init_per_core_irq_priorities
                0x0000000010000e20       0x24 CMakeFiles/PICO_FREERTOS.dir/home/eduarda/2025.1/RTOS/pico/pico-sdk/src/rp2_common/hardware_irq/irq.c.o
                0x0000000010000e20                runtime_init_per_core_irq_priorities
 .text.irq_set_enabled
                0x0000000010000e44       0x24 CMakeFiles/PICO_FREERTOS.dir/home/eduarda/2025.1/RTOS/pico/pico-sdk/src/rp2_common/hardware_irq/irq.c.o
                0x0000000010000e44                irq_set_enabled
 .text.irq_is_enabled
                0x0000000010000e68       0x18 CMakeFiles/PICO_FREERTOS.dir/home/eduarda/2025.1/RTOS/pico/pico-sdk/src/rp2_common/hardware_irq/irq.c.o
                0x0000000010000e68                irq_is_enabled
 .text.irq_set_pending
                0x0000000010000e80       0x10 CMakeFiles/PICO_FREERTOS.dir/home/eduarda/2025.1/RTOS/pico/pico-sdk/src/rp2_common/hardware_irq/irq.c.o
                0x0000000010000e80                irq_set_pending
 .text.irq_has_shared_handler
                0x0000000010000e90       0x24 CMakeFiles/PICO_FREERTOS.dir/home/eduarda/2025.1/RTOS/pico/pico-sdk/src/rp2_common/hardware_irq/irq.c.o
                0x0000000010000e90                irq_has_shared_handler
 .text.irq_set_exclusive_handler
                0x0000000010000eb4       0x54 CMakeFiles/PICO_FREERTOS.dir/home/eduarda/2025.1/RTOS/pico/pico-sdk/src/rp2_common/hardware_irq/irq.c.o
                0x0000000010000eb4                irq_set_exclusive_handler
 .text.irq_add_shared_handler
                0x0000000010000f08      0x1e8 CMakeFiles/PICO_FREERTOS.dir/home/eduarda/2025.1/RTOS/pico/pico-sdk/src/rp2_common/hardware_irq/irq.c.o
                0x0000000010000f08                irq_add_shared_handler
 .text.irq_set_priority
                0x00000000100010f0       0x28 CMakeFiles/PICO_FREERTOS.dir/home/eduarda/2025.1/RTOS/pico/pico-sdk/src/rp2_common/hardware_irq/irq.c.o
                0x00000000100010f0                irq_set_priority
 .text.irq_add_tail_to_free_list
                0x0000000010001118       0xb4 CMakeFiles/PICO_FREERTOS.dir/home/eduarda/2025.1/RTOS/pico/pico-sdk/src/rp2_common/hardware_irq/irq.c.o
                0x0000000010001118                irq_add_tail_to_free_list
 .text.user_irq_claim_unused
                0x00000000100011cc       0x28 CMakeFiles/PICO_FREERTOS.dir/home/eduarda/2025.1/RTOS/pico/pico-sdk/src/rp2_common/hardware_irq/irq.c.o
                0x00000000100011cc                user_irq_claim_unused
 .text.lock_init
                0x00000000100011f4       0x10 CMakeFiles/PICO_FREERTOS.dir/home/eduarda/2025.1/RTOS/pico/pico-sdk/src/common/pico_sync/lock_core.c.o
                0x00000000100011f4                lock_init
 .text.runtime_init_mutex
                0x0000000010001204       0x68 CMakeFiles/PICO_FREERTOS.dir/home/eduarda/2025.1/RTOS/pico/pico-sdk/src/common/pico_sync/mutex.c.o
                0x0000000010001204                runtime_init_mutex
 .text.mutex_init
                0x000000001000126c       0x1c CMakeFiles/PICO_FREERTOS.dir/home/eduarda/2025.1/RTOS/pico/pico-sdk/src/common/pico_sync/mutex.c.o
                0x000000001000126c                mutex_init
 .text.critical_section_init
                0x0000000010001288       0x20 CMakeFiles/PICO_FREERTOS.dir/home/eduarda/2025.1/RTOS/pico/pico-sdk/src/common/pico_sync/critical_section.c.o
                0x0000000010001288                critical_section_init
 .text.critical_section_init_with_lock_num
                0x00000000100012a8       0x14 CMakeFiles/PICO_FREERTOS.dir/home/eduarda/2025.1/RTOS/pico/pico-sdk/src/common/pico_sync/critical_section.c.o
                0x00000000100012a8                critical_section_init_with_lock_num
 .text.alarm_pool_irq_handler
                0x00000000100012bc      0x308 CMakeFiles/PICO_FREERTOS.dir/home/eduarda/2025.1/RTOS/pico/pico-sdk/src/common/pico_time/time.c.o
 .text.sleep_until_callback
                0x00000000100015c4       0x24 CMakeFiles/PICO_FREERTOS.dir/home/eduarda/2025.1/RTOS/pico/pico-sdk/src/common/pico_time/time.c.o
 .text.runtime_init_default_alarm_pool
                0x00000000100015e8       0xdc CMakeFiles/PICO_FREERTOS.dir/home/eduarda/2025.1/RTOS/pico/pico-sdk/src/common/pico_time/time.c.o
                0x00000000100015e8                runtime_init_default_alarm_pool
 .text.alarm_pool_get_default
                0x00000000100016c4        0x8 CMakeFiles/PICO_FREERTOS.dir/home/eduarda/2025.1/RTOS/pico/pico-sdk/src/common/pico_time/time.c.o
                0x00000000100016c4                alarm_pool_get_default
 .text.alarm_pool_add_alarm_at
                0x00000000100016cc       0xc8 CMakeFiles/PICO_FREERTOS.dir/home/eduarda/2025.1/RTOS/pico/pico-sdk/src/common/pico_time/time.c.o
                0x00000000100016cc                alarm_pool_add_alarm_at
 .text.alarm_pool_add_alarm_at_force_in_context
                0x0000000010001794       0xb0 CMakeFiles/PICO_FREERTOS.dir/home/eduarda/2025.1/RTOS/pico/pico-sdk/src/common/pico_time/time.c.o
                0x0000000010001794                alarm_pool_add_alarm_at_force_in_context
 .text.alarm_pool_cancel_alarm
                0x0000000010001844       0x7c CMakeFiles/PICO_FREERTOS.dir/home/eduarda/2025.1/RTOS/pico/pico-sdk/src/common/pico_time/time.c.o
                0x0000000010001844                alarm_pool_cancel_alarm
 .text.alarm_pool_core_num
                0x00000000100018c0        0x4 CMakeFiles/PICO_FREERTOS.dir/home/eduarda/2025.1/RTOS/pico/pico-sdk/src/common/pico_time/time.c.o
                0x00000000100018c0                alarm_pool_core_num
 .text.sleep_until
                0x00000000100018c4       0xcc CMakeFiles/PICO_FREERTOS.dir/home/eduarda/2025.1/RTOS/pico/pico-sdk/src/common/pico_time/time.c.o
                0x00000000100018c4                sleep_until
 .text.sleep_us
                0x0000000010001990       0x24 CMakeFiles/PICO_FREERTOS.dir/home/eduarda/2025.1/RTOS/pico/pico-sdk/src/common/pico_time/time.c.o
                0x0000000010001990                sleep_us
 .text.best_effort_wfe_or_timeout
                0x00000000100019b4       0xfc CMakeFiles/PICO_FREERTOS.dir/home/eduarda/2025.1/RTOS/pico/pico-sdk/src/common/pico_time/time.c.o
                0x00000000100019b4                best_effort_wfe_or_timeout
 .text.timer_hardware_alarm_claim
                0x0000000010001ab0       0x14 CMakeFiles/PICO_FREERTOS.dir/home/eduarda/2025.1/RTOS/pico/pico-sdk/src/rp2_common/hardware_timer/timer.c.o
                0x0000000010001ab0                timer_hardware_alarm_claim
 .text.timer_time_us_64
                0x0000000010001ac4       0x10 CMakeFiles/PICO_FREERTOS.dir/home/eduarda/2025.1/RTOS/pico/pico-sdk/src/rp2_common/hardware_timer/timer.c.o
                0x0000000010001ac4                timer_time_us_64
 .text.time_us_64
                0x0000000010001ad4       0x14 CMakeFiles/PICO_FREERTOS.dir/home/eduarda/2025.1/RTOS/pico/pico-sdk/src/rp2_common/hardware_timer/timer.c.o
                0x0000000010001ad4                time_us_64
 .text.busy_wait_us
                0x0000000010001ae8       0x54 CMakeFiles/PICO_FREERTOS.dir/home/eduarda/2025.1/RTOS/pico/pico-sdk/src/rp2_common/hardware_timer/timer.c.o
                0x0000000010001ae8                busy_wait_us
 .text.busy_wait_until
                0x0000000010001b3c       0x20 CMakeFiles/PICO_FREERTOS.dir/home/eduarda/2025.1/RTOS/pico/pico-sdk/src/rp2_common/hardware_timer/timer.c.o
                0x0000000010001b3c                busy_wait_until
 .text.pll_init
                0x0000000010001b5c       0xa0 CMakeFiles/PICO_FREERTOS.dir/home/eduarda/2025.1/RTOS/pico/pico-sdk/src/rp2_common/hardware_pll/pll.c.o
                0x0000000010001b5c                pll_init
 .text.watchdog_reboot
                0x0000000010001bfc       0x98 CMakeFiles/PICO_FREERTOS.dir/home/eduarda/2025.1/RTOS/pico/pico-sdk/src/rp2_common/hardware_watchdog/watchdog.c.o
                0x0000000010001bfc                watchdog_reboot
 .text.tick_start
                0x0000000010001c94       0x10 CMakeFiles/PICO_FREERTOS.dir/home/eduarda/2025.1/RTOS/pico/pico-sdk/src/rp2_common/hardware_ticks/ticks.c.o
                0x0000000010001c94                tick_start
 .text.rom_func_lookup
                0x0000000010001ca4       0x10 CMakeFiles/PICO_FREERTOS.dir/home/eduarda/2025.1/RTOS/pico/pico-sdk/src/rp2_common/pico_bootrom/bootrom.c.o
                0x0000000010001ca4                rom_func_lookup
 .text.rom_data_lookup
                0x0000000010001cb4       0x10 CMakeFiles/PICO_FREERTOS.dir/home/eduarda/2025.1/RTOS/pico/pico-sdk/src/rp2_common/pico_bootrom/bootrom.c.o
                0x0000000010001cb4                rom_data_lookup
 .text.rom_funcs_lookup
                0x0000000010001cc4       0x44 CMakeFiles/PICO_FREERTOS.dir/home/eduarda/2025.1/RTOS/pico/pico-sdk/src/rp2_common/pico_bootrom/bootrom.c.o
                0x0000000010001cc4                rom_funcs_lookup
 .text.rom_reset_usb_boot_extra
                0x0000000010001d08       0x28 CMakeFiles/PICO_FREERTOS.dir/home/eduarda/2025.1/RTOS/pico/pico-sdk/src/rp2_common/pico_bootrom/bootrom.c.o
                0x0000000010001d08                rom_reset_usb_boot_extra
 .text.xosc_init
                0x0000000010001d30       0x28 CMakeFiles/PICO_FREERTOS.dir/home/eduarda/2025.1/RTOS/pico/pico-sdk/src/rp2_common/hardware_xosc/xosc.c.o
                0x0000000010001d30                xosc_init
 .text.first_per_core_initializer
                0x0000000010001d58        0x4 CMakeFiles/PICO_FREERTOS.dir/home/eduarda/2025.1/RTOS/pico/pico-sdk/src/rp2_common/pico_runtime/runtime.c.o
 .text.hard_assertion_failure
                0x0000000010001d5c        0xc CMakeFiles/PICO_FREERTOS.dir/home/eduarda/2025.1/RTOS/pico/pico-sdk/src/rp2_common/pico_runtime/runtime.c.o
                0x0000000010001d5c                hard_assertion_failure
 .text.runtime_run_initializers
                0x0000000010001d68       0x28 CMakeFiles/PICO_FREERTOS.dir/home/eduarda/2025.1/RTOS/pico/pico-sdk/src/rp2_common/pico_runtime/runtime.c.o
                0x0000000010001d68                runtime_run_initializers
 .text.runtime_run_per_core_initializers
                0x0000000010001d90       0x28 CMakeFiles/PICO_FREERTOS.dir/home/eduarda/2025.1/RTOS/pico/pico-sdk/src/rp2_common/pico_runtime/runtime.c.o
                0x0000000010001d90                runtime_run_per_core_initializers
 .text.runtime_init_early_resets
                0x0000000010001db8       0x2c CMakeFiles/PICO_FREERTOS.dir/home/eduarda/2025.1/RTOS/pico/pico-sdk/src/rp2_common/pico_runtime_init/runtime_init.c.o
                0x0000000010001db8                runtime_init_early_resets
 .text.runtime_init_usb_power_down
                0x0000000010001de4       0x1c CMakeFiles/PICO_FREERTOS.dir/home/eduarda/2025.1/RTOS/pico/pico-sdk/src/rp2_common/pico_runtime_init/runtime_init.c.o
                0x0000000010001de4                runtime_init_usb_power_down
 .text.runtime_init_post_clock_resets
                0x0000000010001e00       0x20 CMakeFiles/PICO_FREERTOS.dir/home/eduarda/2025.1/RTOS/pico/pico-sdk/src/rp2_common/pico_runtime_init/runtime_init.c.o
                0x0000000010001e00                runtime_init_post_clock_resets
 .text.runtime_init_rp2040_gpio_ie_disable
                0x0000000010001e20       0x14 CMakeFiles/PICO_FREERTOS.dir/home/eduarda/2025.1/RTOS/pico/pico-sdk/src/rp2_common/pico_runtime_init/runtime_init.c.o
                0x0000000010001e20                runtime_init_rp2040_gpio_ie_disable
 .text.runtime_init_spin_locks_reset
                0x0000000010001e34        0x8 CMakeFiles/PICO_FREERTOS.dir/home/eduarda/2025.1/RTOS/pico/pico-sdk/src/rp2_common/pico_runtime_init/runtime_init.c.o
                0x0000000010001e34                runtime_init_spin_locks_reset
 .text.runtime_init_install_ram_vector_table
                0x0000000010001e3c       0x1c CMakeFiles/PICO_FREERTOS.dir/home/eduarda/2025.1/RTOS/pico/pico-sdk/src/rp2_common/pico_runtime_init/runtime_init.c.o
                0x0000000010001e3c                runtime_init_install_ram_vector_table
 .text.runtime_init_clocks
                0x0000000010001e58       0xd8 CMakeFiles/PICO_FREERTOS.dir/home/eduarda/2025.1/RTOS/pico/pico-sdk/src/rp2_common/pico_runtime_init/runtime_init_clocks.c.o
                0x0000000010001e58                runtime_init_clocks
 .text          0x0000000010001f30       0x10 CMakeFiles/PICO_FREERTOS.dir/home/eduarda/2025.1/RTOS/pico/pico-sdk/src/rp2_common/pico_bit_ops/bit_ops_aeabi.S.o
 .text.__wrap___aeabi_idiv
                0x0000000010001f40       0x50 CMakeFiles/PICO_FREERTOS.dir/home/eduarda/2025.1/RTOS/pico/pico-sdk/src/rp2_common/pico_divider/divider_hardware.S.o
                0x0000000010001f40                __wrap___aeabi_idivmod
                0x0000000010001f40                divmod_s32s32
                0x0000000010001f40                div_s32s32
                0x0000000010001f40                __wrap___aeabi_idiv
                0x0000000010001f48                divmod_s32s32_unsafe
                0x0000000010001f74                divmod_s32s32_savestate
 .text.__wrap___aeabi_uidiv
                0x0000000010001f90       0x4c CMakeFiles/PICO_FREERTOS.dir/home/eduarda/2025.1/RTOS/pico/pico-sdk/src/rp2_common/pico_divider/divider_hardware.S.o
                0x0000000010001f90                __wrap___aeabi_uidiv
                0x0000000010001f90                __wrap___aeabi_uidivmod
                0x0000000010001f90                div_u32u32
                0x0000000010001f90                divmod_u32u32
                0x0000000010001f98                divmod_u32u32_unsafe
                0x0000000010001fc0                divmod_u32u32_savestate
 .text.__wrap___aeabi_ldiv
                0x0000000010001fdc      0x424 CMakeFiles/PICO_FREERTOS.dir/home/eduarda/2025.1/RTOS/pico/pico-sdk/src/rp2_common/pico_divider/divider_hardware.S.o
                0x0000000010001fdc                div_s64s64
                0x0000000010001fdc                divmod_s64s64
                0x0000000010001fdc                __wrap___aeabi_ldivmod
                0x000000001000200c                div_u64u64
                0x000000001000200c                divmod_u64u64
                0x000000001000200c                __wrap___aeabi_uldivmod
                0x000000001000201c                divmod_u64u64_savestate
                0x000000001000203c                divmod_s64s64_unsafe
                0x00000000100020c4                divmod_u64u64_unsafe
 .text.__wrap___aeabi_darithmetic
                0x0000000010002400       0x60 CMakeFiles/PICO_FREERTOS.dir/home/eduarda/2025.1/RTOS/pico/pico-sdk/src/rp2_common/pico_double/double_aeabi_rp2040.S.o
                0x0000000010002400                __wrap___aeabi_drsub
                0x0000000010002406                __wrap___aeabi_dsub
                0x0000000010002410                __wrap___aeabi_dadd
                0x000000001000241a                __wrap___aeabi_ddiv
                0x000000001000244e                __wrap___aeabi_dmul
 .text.__wrap___aeabi_cdcmple
                0x0000000010002460       0x6c CMakeFiles/PICO_FREERTOS.dir/home/eduarda/2025.1/RTOS/pico/pico-sdk/src/rp2_common/pico_double/double_aeabi_rp2040.S.o
                0x0000000010002460                __wrap___aeabi_cdrcmple
                0x0000000010002470                __wrap___aeabi_cdcmple
                0x0000000010002470                __wrap___aeabi_cdcmpeq
 .text.__wrap___aeabi_dcmplt
                0x00000000100024cc        0xc CMakeFiles/PICO_FREERTOS.dir/home/eduarda/2025.1/RTOS/pico/pico-sdk/src/rp2_common/pico_double/double_aeabi_rp2040.S.o
                0x00000000100024cc                __wrap___aeabi_dcmplt
 .text.__wrap___aeabi_dcmple
                0x00000000100024d8       0x10 CMakeFiles/PICO_FREERTOS.dir/home/eduarda/2025.1/RTOS/pico/pico-sdk/src/rp2_common/pico_double/double_aeabi_rp2040.S.o
                0x00000000100024d8                __wrap___aeabi_dcmple
 .text.__wrap___aeabi_dcmpge
                0x00000000100024e8       0x10 CMakeFiles/PICO_FREERTOS.dir/home/eduarda/2025.1/RTOS/pico/pico-sdk/src/rp2_common/pico_double/double_aeabi_rp2040.S.o
                0x00000000100024e8                __wrap___aeabi_dcmpge
 .text.__wrap___aeabi_dcmpgt
                0x00000000100024f8        0xa CMakeFiles/PICO_FREERTOS.dir/home/eduarda/2025.1/RTOS/pico/pico-sdk/src/rp2_common/pico_double/double_aeabi_rp2040.S.o
                0x00000000100024f8                __wrap___aeabi_dcmpgt
 .text.__wrap___aeabi_dcmpun
                0x0000000010002502       0x18 CMakeFiles/PICO_FREERTOS.dir/home/eduarda/2025.1/RTOS/pico/pico-sdk/src/rp2_common/pico_double/double_aeabi_rp2040.S.o
                0x0000000010002502                __wrap___aeabi_dcmpun
 *fill*         0x000000001000251a        0x2 
 .text.__wrap___aeabi_i2d
                0x000000001000251c       0x38 CMakeFiles/PICO_FREERTOS.dir/home/eduarda/2025.1/RTOS/pico/pico-sdk/src/rp2_common/pico_double/double_aeabi_rp2040.S.o
                0x000000001000251c                __wrap___aeabi_ui2d
                0x000000001000251c                uint2double
                0x0000000010002524                __wrap___aeabi_i2d
                0x0000000010002524                int2double
 .text.__wrap___aeabi_d2iz
                0x0000000010002554       0x48 CMakeFiles/PICO_FREERTOS.dir/home/eduarda/2025.1/RTOS/pico/pico-sdk/src/rp2_common/pico_double/double_aeabi_rp2040.S.o
                0x0000000010002554                __wrap___aeabi_d2iz
                0x0000000010002554                double2int_z
 .text.__wrap___aeabi_d2uiz
                0x000000001000259c       0x10 CMakeFiles/PICO_FREERTOS.dir/home/eduarda/2025.1/RTOS/pico/pico-sdk/src/rp2_common/pico_double/double_aeabi_rp2040.S.o
                0x000000001000259c                double2uint_z
                0x000000001000259c                double2uint
                0x000000001000259c                __wrap___aeabi_d2uiz
 .text.missing_double_func_shim
                0x00000000100025ac        0xc CMakeFiles/PICO_FREERTOS.dir/home/eduarda/2025.1/RTOS/pico/pico-sdk/src/rp2_common/pico_double/double_init_rom_rp2040.c.o
 .text.__aeabi_double_init
                0x00000000100025b8       0xa4 CMakeFiles/PICO_FREERTOS.dir/home/eduarda/2025.1/RTOS/pico/pico-sdk/src/rp2_common/pico_double/double_init_rom_rp2040.c.o
                0x00000000100025b8                __aeabi_double_init
 .text.double_table_shim_on_use_helper
                0x000000001000265c       0x2c CMakeFiles/PICO_FREERTOS.dir/home/eduarda/2025.1/RTOS/pico/pico-sdk/src/rp2_common/pico_double/double_v1_rom_shim_rp2040.S.o
                0x000000001000265c                double_table_shim_on_use_helper
 .text.__aeabi_lmul
                0x0000000010002688       0x32 CMakeFiles/PICO_FREERTOS.dir/home/eduarda/2025.1/RTOS/pico/pico-sdk/src/rp2_common/pico_int64_ops/pico_int64_ops_aeabi.S.o
                0x0000000010002688                __wrap___aeabi_lmul
 *fill*         0x00000000100026ba        0x2 
 .text.__wrap___aeabi_cfcmple
                0x00000000100026bc       0x50 CMakeFiles/PICO_FREERTOS.dir/home/eduarda/2025.1/RTOS/pico/pico-sdk/src/rp2_common/pico_float/float_aeabi_rp2040.S.o
                0x00000000100026bc                __wrap___aeabi_cfrcmple
                0x00000000100026c8                __wrap___aeabi_cfcmpeq
                0x00000000100026c8                __wrap___aeabi_cfcmple
 .text.__wrap___aeabi_fcmpge
                0x000000001000270c       0x10 CMakeFiles/PICO_FREERTOS.dir/home/eduarda/2025.1/RTOS/pico/pico-sdk/src/rp2_common/pico_float/float_aeabi_rp2040.S.o
                0x000000001000270c                __wrap___aeabi_fcmpge
 .text.__wrap___aeabi_fcmpgt
                0x000000001000271c        0xa CMakeFiles/PICO_FREERTOS.dir/home/eduarda/2025.1/RTOS/pico/pico-sdk/src/rp2_common/pico_float/float_aeabi_rp2040.S.o
                0x000000001000271c                __wrap___aeabi_fcmpgt
 .text.__wrap___aeabi_ui2f
                0x0000000010002726        0xa CMakeFiles/PICO_FREERTOS.dir/home/eduarda/2025.1/RTOS/pico/pico-sdk/src/rp2_common/pico_float/float_aeabi_rp2040.S.o
                0x0000000010002726                uint2float
                0x0000000010002726                __wrap___aeabi_ui2f
 .text.__wrap___aeabi_i2f
                0x0000000010002730       0x44 CMakeFiles/PICO_FREERTOS.dir/home/eduarda/2025.1/RTOS/pico/pico-sdk/src/rp2_common/pico_float/float_aeabi_rp2040.S.o
                0x0000000010002730                int2float
                0x0000000010002730                __wrap___aeabi_i2f
 .text.__wrap___aeabi_ul2f
                0x0000000010002774       0x18 CMakeFiles/PICO_FREERTOS.dir/home/eduarda/2025.1/RTOS/pico/pico-sdk/src/rp2_common/pico_float/float_aeabi_rp2040.S.o
                0x0000000010002778                __wrap___aeabi_ul2f
                0x0000000010002778                uint642float
 .text.__wrap___aeabi_f2d
                0x000000001000278c        0xc CMakeFiles/PICO_FREERTOS.dir/home/eduarda/2025.1/RTOS/pico/pico-sdk/src/rp2_common/pico_float/float_aeabi_rp2040.S.o
                0x000000001000278c                __wrap___aeabi_f2d
 .text.missing_float_func_shim
                0x0000000010002798        0xc CMakeFiles/PICO_FREERTOS.dir/home/eduarda/2025.1/RTOS/pico/pico-sdk/src/rp2_common/pico_float/float_init_rom_rp2040.c.o
 .text.__aeabi_float_init
                0x00000000100027a4       0x5c CMakeFiles/PICO_FREERTOS.dir/home/eduarda/2025.1/RTOS/pico/pico-sdk/src/rp2_common/pico_float/float_init_rom_rp2040.c.o
                0x00000000100027a4                __aeabi_float_init
 .text          0x0000000010002800       0x10 CMakeFiles/PICO_FREERTOS.dir/home/eduarda/2025.1/RTOS/pico/pico-sdk/src/rp2_common/pico_mem_ops/mem_ops_aeabi.S.o
                0x0000000010002800                __aeabi_mem_init
 .text.memset   0x0000000010002810        0xc CMakeFiles/PICO_FREERTOS.dir/home/eduarda/2025.1/RTOS/pico/pico-sdk/src/rp2_common/pico_mem_ops/mem_ops_aeabi.S.o
                0x0000000010002810                __wrap_memset
 .text.memcpy   0x000000001000281c        0xc CMakeFiles/PICO_FREERTOS.dir/home/eduarda/2025.1/RTOS/pico/pico-sdk/src/rp2_common/pico_mem_ops/mem_ops_aeabi.S.o
                0x000000001000281c                __wrap___aeabi_memcpy
                0x000000001000281c                __wrap_memcpy
 .text._out_null
                0x0000000010002828        0x4 CMakeFiles/PICO_FREERTOS.dir/home/eduarda/2025.1/RTOS/pico/pico-sdk/src/rp2_common/pico_printf/printf.c.o
 .text._out_rev
                0x000000001000282c       0x9c CMakeFiles/PICO_FREERTOS.dir/home/eduarda/2025.1/RTOS/pico/pico-sdk/src/rp2_common/pico_printf/printf.c.o
 .text._ntoa_format
                0x00000000100028c8      0x1cc CMakeFiles/PICO_FREERTOS.dir/home/eduarda/2025.1/RTOS/pico/pico-sdk/src/rp2_common/pico_printf/printf.c.o
 .text._out_char
                0x0000000010002a94       0x10 CMakeFiles/PICO_FREERTOS.dir/home/eduarda/2025.1/RTOS/pico/pico-sdk/src/rp2_common/pico_printf/printf.c.o
 .text._out_fct
                0x0000000010002aa4       0x10 CMakeFiles/PICO_FREERTOS.dir/home/eduarda/2025.1/RTOS/pico/pico-sdk/src/rp2_common/pico_printf/printf.c.o
 .text._etoa    0x0000000010002ab4      0x44c CMakeFiles/PICO_FREERTOS.dir/home/eduarda/2025.1/RTOS/pico/pico-sdk/src/rp2_common/pico_printf/printf.c.o
 .text._ftoa    0x0000000010002f00      0x398 CMakeFiles/PICO_FREERTOS.dir/home/eduarda/2025.1/RTOS/pico/pico-sdk/src/rp2_common/pico_printf/printf.c.o
 .text._vsnprintf
                0x0000000010003298      0xb04 CMakeFiles/PICO_FREERTOS.dir/home/eduarda/2025.1/RTOS/pico/pico-sdk/src/rp2_common/pico_printf/printf.c.o
 .text.vfctprintf
                0x0000000010003d9c       0x20 CMakeFiles/PICO_FREERTOS.dir/home/eduarda/2025.1/RTOS/pico/pico-sdk/src/rp2_common/pico_printf/printf.c.o
                0x0000000010003d9c                vfctprintf
 .text.weak_raw_vprintf
                0x0000000010003dbc       0x30 CMakeFiles/PICO_FREERTOS.dir/home/eduarda/2025.1/RTOS/pico/pico-sdk/src/rp2_common/pico_printf/printf.c.o
                0x0000000010003dbc                weak_raw_vprintf
 .text._exit    0x0000000010003dec        0x4 CMakeFiles/PICO_FREERTOS.dir/home/eduarda/2025.1/RTOS/pico/pico-sdk/src/rp2_common/pico_clib_interface/newlib_interface.c.o
                0x0000000010003dec                _exit
 .text.exit     0x0000000010003df0        0x8 CMakeFiles/PICO_FREERTOS.dir/home/eduarda/2025.1/RTOS/pico/pico-sdk/src/rp2_common/pico_clib_interface/newlib_interface.c.o
                0x0000000010003df0                exit
 .text.runtime_init
                0x0000000010003df8       0x2c CMakeFiles/PICO_FREERTOS.dir/home/eduarda/2025.1/RTOS/pico/pico-sdk/src/rp2_common/pico_clib_interface/newlib_interface.c.o
                0x0000000010003df8                runtime_init
 .text.stdio_out_chars_no_crlf
                0x0000000010003e24       0x10 CMakeFiles/PICO_FREERTOS.dir/home/eduarda/2025.1/RTOS/pico/pico-sdk/src/rp2_common/pico_stdio/stdio.c.o
 .text.stdio_out_chars_crlf
                0x0000000010003e34       0xb4 CMakeFiles/PICO_FREERTOS.dir/home/eduarda/2025.1/RTOS/pico/pico-sdk/src/rp2_common/pico_stdio/stdio.c.o
 .text.stdio_buffered_printer
                0x0000000010003ee8       0x64 CMakeFiles/PICO_FREERTOS.dir/home/eduarda/2025.1/RTOS/pico/pico-sdk/src/rp2_common/pico_stdio/stdio.c.o
 .text.stdio_put_string
                0x0000000010003f4c      0x100 CMakeFiles/PICO_FREERTOS.dir/home/eduarda/2025.1/RTOS/pico/pico-sdk/src/rp2_common/pico_stdio/stdio.c.o
                0x0000000010003f4c                stdio_put_string
 .text.stdio_set_driver_enabled
                0x000000001000404c       0x30 CMakeFiles/PICO_FREERTOS.dir/home/eduarda/2025.1/RTOS/pico/pico-sdk/src/rp2_common/pico_stdio/stdio.c.o
                0x000000001000404c                stdio_set_driver_enabled
 .text.stdio_init_all
                0x000000001000407c        0x8 CMakeFiles/PICO_FREERTOS.dir/home/eduarda/2025.1/RTOS/pico/pico-sdk/src/rp2_common/pico_stdio/stdio.c.o
                0x000000001000407c                stdio_init_all
 .text.__wrap_putchar
                0x0000000010004084       0x98 CMakeFiles/PICO_FREERTOS.dir/home/eduarda/2025.1/RTOS/pico/pico-sdk/src/rp2_common/pico_stdio/stdio.c.o
                0x0000000010004084                stdio_putchar
                0x0000000010004084                __wrap_putchar
 .text.__wrap_puts
                0x000000001000411c       0x3c CMakeFiles/PICO_FREERTOS.dir/home/eduarda/2025.1/RTOS/pico/pico-sdk/src/rp2_common/pico_stdio/stdio.c.o
                0x000000001000411c                __wrap_puts
                0x000000001000411c                stdio_puts
 .text.__wrap_vprintf
                0x0000000010004158       0xd8 CMakeFiles/PICO_FREERTOS.dir/home/eduarda/2025.1/RTOS/pico/pico-sdk/src/rp2_common/pico_stdio/stdio.c.o
                0x0000000010004158                __wrap_vprintf
                0x0000000010004158                stdio_vprintf
 .text.__wrap_printf
                0x0000000010004230       0x18 CMakeFiles/PICO_FREERTOS.dir/home/eduarda/2025.1/RTOS/pico/pico-sdk/src/rp2_common/pico_stdio/stdio.c.o
                0x0000000010004230                stdio_printf
                0x0000000010004230                __wrap_printf
 .text.resetd_init
                0x0000000010004248        0x4 CMakeFiles/PICO_FREERTOS.dir/home/eduarda/2025.1/RTOS/pico/pico-sdk/src/rp2_common/pico_stdio_usb/reset_interface.c.o
 .text.resetd_reset
                0x000000001000424c        0xc CMakeFiles/PICO_FREERTOS.dir/home/eduarda/2025.1/RTOS/pico/pico-sdk/src/rp2_common/pico_stdio_usb/reset_interface.c.o
 .text.resetd_open
                0x0000000010004258       0x28 CMakeFiles/PICO_FREERTOS.dir/home/eduarda/2025.1/RTOS/pico/pico-sdk/src/rp2_common/pico_stdio_usb/reset_interface.c.o
 .text.resetd_xfer_cb
                0x0000000010004280        0x4 CMakeFiles/PICO_FREERTOS.dir/home/eduarda/2025.1/RTOS/pico/pico-sdk/src/rp2_common/pico_stdio_usb/reset_interface.c.o
 .text.resetd_control_xfer_cb
                0x0000000010004284       0x60 CMakeFiles/PICO_FREERTOS.dir/home/eduarda/2025.1/RTOS/pico/pico-sdk/src/rp2_common/pico_stdio_usb/reset_interface.c.o
 .text.tud_descriptor_bos_cb
                0x00000000100042e4        0x8 CMakeFiles/PICO_FREERTOS.dir/home/eduarda/2025.1/RTOS/pico/pico-sdk/src/rp2_common/pico_stdio_usb/reset_interface.c.o
                0x00000000100042e4                tud_descriptor_bos_cb
 .text.tud_vendor_control_xfer_cb
                0x00000000100042ec       0x34 CMakeFiles/PICO_FREERTOS.dir/home/eduarda/2025.1/RTOS/pico/pico-sdk/src/rp2_common/pico_stdio_usb/reset_interface.c.o
                0x00000000100042ec                tud_vendor_control_xfer_cb
 .text.usbd_app_driver_get_cb
                0x0000000010004320        0xc CMakeFiles/PICO_FREERTOS.dir/home/eduarda/2025.1/RTOS/pico/pico-sdk/src/rp2_common/pico_stdio_usb/reset_interface.c.o
                0x0000000010004320                usbd_app_driver_get_cb
 .text.tud_cdc_line_coding_cb
                0x000000001000432c       0x2c CMakeFiles/PICO_FREERTOS.dir/home/eduarda/2025.1/RTOS/pico/pico-sdk/src/rp2_common/pico_stdio_usb/reset_interface.c.o
                0x000000001000432c                tud_cdc_line_coding_cb
 .text.stdio_usb_set_chars_available_callback
                0x0000000010004358       0x14 CMakeFiles/PICO_FREERTOS.dir/home/eduarda/2025.1/RTOS/pico/pico-sdk/src/rp2_common/pico_stdio_usb/stdio_usb.c.o
                0x0000000010004358                stdio_usb_set_chars_available_callback
 .text.usb_irq  0x000000001000436c       0x10 CMakeFiles/PICO_FREERTOS.dir/home/eduarda/2025.1/RTOS/pico/pico-sdk/src/rp2_common/pico_stdio_usb/stdio_usb.c.o
 .text.timer_task
                0x000000001000437c       0x64 CMakeFiles/PICO_FREERTOS.dir/home/eduarda/2025.1/RTOS/pico/pico-sdk/src/rp2_common/pico_stdio_usb/stdio_usb.c.o
 .text.stdio_usb_in_chars
                0x00000000100043e0       0x90 CMakeFiles/PICO_FREERTOS.dir/home/eduarda/2025.1/RTOS/pico/pico-sdk/src/rp2_common/pico_stdio_usb/stdio_usb.c.o
                0x00000000100043e0                stdio_usb_in_chars
 .text.stdio_usb_out_flush
                0x0000000010004470       0x50 CMakeFiles/PICO_FREERTOS.dir/home/eduarda/2025.1/RTOS/pico/pico-sdk/src/rp2_common/pico_stdio_usb/stdio_usb.c.o
 .text.stdio_usb_out_chars
                0x00000000100044c0      0x100 CMakeFiles/PICO_FREERTOS.dir/home/eduarda/2025.1/RTOS/pico/pico-sdk/src/rp2_common/pico_stdio_usb/stdio_usb.c.o
 .text.low_priority_worker_irq
                0x00000000100045c0       0xc8 CMakeFiles/PICO_FREERTOS.dir/home/eduarda/2025.1/RTOS/pico/pico-sdk/src/rp2_common/pico_stdio_usb/stdio_usb.c.o
 .text.stdio_usb_init
                0x0000000010004688       0xe8 CMakeFiles/PICO_FREERTOS.dir/home/eduarda/2025.1/RTOS/pico/pico-sdk/src/rp2_common/pico_stdio_usb/stdio_usb.c.o
                0x0000000010004688                stdio_usb_init
 .text.tud_descriptor_device_cb
                0x0000000010004770        0x8 CMakeFiles/PICO_FREERTOS.dir/home/eduarda/2025.1/RTOS/pico/pico-sdk/src/rp2_common/pico_stdio_usb/stdio_usb_descriptors.c.o
                0x0000000010004770                tud_descriptor_device_cb
 .text.tud_descriptor_configuration_cb
                0x0000000010004778        0x8 CMakeFiles/PICO_FREERTOS.dir/home/eduarda/2025.1/RTOS/pico/pico-sdk/src/rp2_common/pico_stdio_usb/stdio_usb_descriptors.c.o
                0x0000000010004778                tud_descriptor_configuration_cb
 .text.tud_descriptor_string_cb
                0x0000000010004780       0x74 CMakeFiles/PICO_FREERTOS.dir/home/eduarda/2025.1/RTOS/pico/pico-sdk/src/rp2_common/pico_stdio_usb/stdio_usb_descriptors.c.o
                0x0000000010004780                tud_descriptor_string_cb
 .text.startup._retrieve_unique_id_on_boot
                0x00000000100047f4       0x10 CMakeFiles/PICO_FREERTOS.dir/home/eduarda/2025.1/RTOS/pico/pico-sdk/src/rp2_common/pico_unique_id/unique_id.c.o
 .text.pico_get_unique_board_id_string
                0x0000000010004804      0x1a8 CMakeFiles/PICO_FREERTOS.dir/home/eduarda/2025.1/RTOS/pico/pico-sdk/src/rp2_common/pico_unique_id/unique_id.c.o
                0x0000000010004804                pico_get_unique_board_id_string
 .text.flash_get_unique_id
                0x00000000100049ac       0x40 CMakeFiles/PICO_FREERTOS.dir/home/eduarda/2025.1/RTOS/pico/pico-sdk/src/rp2_common/hardware_flash/flash.c.o
                0x00000000100049ac                flash_get_unique_id
 .text.dcd_init
                0x00000000100049ec       0x90 CMakeFiles/PICO_FREERTOS.dir/home/eduarda/2025.1/RTOS/pico/pico-sdk/lib/tinyusb/src/portable/raspberrypi/rp2040/dcd_rp2040.c.o
                0x00000000100049ec                dcd_init
 .text.dcd_int_enable
                0x0000000010004a7c        0xc CMakeFiles/PICO_FREERTOS.dir/home/eduarda/2025.1/RTOS/pico/pico-sdk/lib/tinyusb/src/portable/raspberrypi/rp2040/dcd_rp2040.c.o
                0x0000000010004a7c                dcd_int_enable
 .text.dcd_set_address
                0x0000000010004a88       0x14 CMakeFiles/PICO_FREERTOS.dir/home/eduarda/2025.1/RTOS/pico/pico-sdk/lib/tinyusb/src/portable/raspberrypi/rp2040/dcd_rp2040.c.o
                0x0000000010004a88                dcd_set_address
 .text.dcd_sof_enable
                0x0000000010004a9c       0x1c CMakeFiles/PICO_FREERTOS.dir/home/eduarda/2025.1/RTOS/pico/pico-sdk/lib/tinyusb/src/portable/raspberrypi/rp2040/dcd_rp2040.c.o
                0x0000000010004a9c                dcd_sof_enable
 .text.dcd_edpt0_status_complete
                0x0000000010004ab8       0x1c CMakeFiles/PICO_FREERTOS.dir/home/eduarda/2025.1/RTOS/pico/pico-sdk/lib/tinyusb/src/portable/raspberrypi/rp2040/dcd_rp2040.c.o
                0x0000000010004ab8                dcd_edpt0_status_complete
 .text.dcd_edpt_open
                0x0000000010004ad4      0x114 CMakeFiles/PICO_FREERTOS.dir/home/eduarda/2025.1/RTOS/pico/pico-sdk/lib/tinyusb/src/portable/raspberrypi/rp2040/dcd_rp2040.c.o
                0x0000000010004ad4                dcd_edpt_open
 .text.dcd_edpt_close_all
                0x0000000010004be8        0x8 CMakeFiles/PICO_FREERTOS.dir/home/eduarda/2025.1/RTOS/pico/pico-sdk/lib/tinyusb/src/portable/raspberrypi/rp2040/dcd_rp2040.c.o
                0x0000000010004be8                dcd_edpt_close_all
 .text.dcd_edpt_xfer
                0x0000000010004bf0       0x24 CMakeFiles/PICO_FREERTOS.dir/home/eduarda/2025.1/RTOS/pico/pico-sdk/lib/tinyusb/src/portable/raspberrypi/rp2040/dcd_rp2040.c.o
                0x0000000010004bf0                dcd_edpt_xfer
 .text.dcd_edpt_stall
                0x0000000010004c14       0x38 CMakeFiles/PICO_FREERTOS.dir/home/eduarda/2025.1/RTOS/pico/pico-sdk/lib/tinyusb/src/portable/raspberrypi/rp2040/dcd_rp2040.c.o
                0x0000000010004c14                dcd_edpt_stall
 .text.dcd_edpt_clear_stall
                0x0000000010004c4c       0x30 CMakeFiles/PICO_FREERTOS.dir/home/eduarda/2025.1/RTOS/pico/pico-sdk/lib/tinyusb/src/portable/raspberrypi/rp2040/dcd_rp2040.c.o
                0x0000000010004c4c                dcd_edpt_clear_stall
 .text.rp2040_usb_init
                0x0000000010004c7c       0x40 CMakeFiles/PICO_FREERTOS.dir/home/eduarda/2025.1/RTOS/pico/pico-sdk/lib/tinyusb/src/portable/raspberrypi/rp2040/rp2040_usb.c.o
                0x0000000010004c7c                rp2040_usb_init
 .text.hw_endpoint_xfer_start
                0x0000000010004cbc       0x50 CMakeFiles/PICO_FREERTOS.dir/home/eduarda/2025.1/RTOS/pico/pico-sdk/lib/tinyusb/src/portable/raspberrypi/rp2040/rp2040_usb.c.o
                0x0000000010004cbc                hw_endpoint_xfer_start
 .text.tud_event_hook_cb
                0x0000000010004d0c        0x4 CMakeFiles/PICO_FREERTOS.dir/home/eduarda/2025.1/RTOS/pico/pico-sdk/lib/tinyusb/src/device/usbd.c.o
                0x0000000010004d0c                tud_event_hook_cb
 .text.tud_sof_cb
                0x0000000010004d10        0x4 CMakeFiles/PICO_FREERTOS.dir/home/eduarda/2025.1/RTOS/pico/pico-sdk/lib/tinyusb/src/device/usbd.c.o
                0x0000000010004d10                tud_sof_cb
 .text.tud_descriptor_device_qualifier_cb
                0x0000000010004d14        0x4 CMakeFiles/PICO_FREERTOS.dir/home/eduarda/2025.1/RTOS/pico/pico-sdk/lib/tinyusb/src/device/usbd.c.o
                0x0000000010004d14                tud_descriptor_device_qualifier_cb
 .text.tud_descriptor_other_speed_configuration_cb
                0x0000000010004d18        0x4 CMakeFiles/PICO_FREERTOS.dir/home/eduarda/2025.1/RTOS/pico/pico-sdk/lib/tinyusb/src/device/usbd.c.o
                0x0000000010004d18                tud_descriptor_other_speed_configuration_cb
 .text.tud_mount_cb
                0x0000000010004d1c        0x4 CMakeFiles/PICO_FREERTOS.dir/home/eduarda/2025.1/RTOS/pico/pico-sdk/lib/tinyusb/src/device/usbd.c.o
                0x0000000010004d1c                tud_mount_cb
 .text.tud_umount_cb
                0x0000000010004d20        0x4 CMakeFiles/PICO_FREERTOS.dir/home/eduarda/2025.1/RTOS/pico/pico-sdk/lib/tinyusb/src/device/usbd.c.o
                0x0000000010004d20                tud_umount_cb
 .text.tud_suspend_cb
                0x0000000010004d24        0x4 CMakeFiles/PICO_FREERTOS.dir/home/eduarda/2025.1/RTOS/pico/pico-sdk/lib/tinyusb/src/device/usbd.c.o
                0x0000000010004d24                tud_suspend_cb
 .text.tud_resume_cb
                0x0000000010004d28        0x4 CMakeFiles/PICO_FREERTOS.dir/home/eduarda/2025.1/RTOS/pico/pico-sdk/lib/tinyusb/src/device/usbd.c.o
                0x0000000010004d28                tud_resume_cb
 .text.tud_mounted
                0x0000000010004d2c       0x10 CMakeFiles/PICO_FREERTOS.dir/home/eduarda/2025.1/RTOS/pico/pico-sdk/lib/tinyusb/src/device/usbd.c.o
                0x0000000010004d2c                tud_mounted
 .text.tud_suspended
                0x0000000010004d3c       0x10 CMakeFiles/PICO_FREERTOS.dir/home/eduarda/2025.1/RTOS/pico/pico-sdk/lib/tinyusb/src/device/usbd.c.o
                0x0000000010004d3c                tud_suspended
 .text.tud_rhport_init
                0x0000000010004d4c       0xf4 CMakeFiles/PICO_FREERTOS.dir/home/eduarda/2025.1/RTOS/pico/pico-sdk/lib/tinyusb/src/device/usbd.c.o
                0x0000000010004d4c                tud_rhport_init
 .text.tud_task_ext
                0x0000000010004e40      0x800 CMakeFiles/PICO_FREERTOS.dir/home/eduarda/2025.1/RTOS/pico/pico-sdk/lib/tinyusb/src/device/usbd.c.o
                0x0000000010004e40                tud_task_ext
 .text.usbd_open_edpt_pair
                0x0000000010005640       0x9c CMakeFiles/PICO_FREERTOS.dir/home/eduarda/2025.1/RTOS/pico/pico-sdk/lib/tinyusb/src/device/usbd.c.o
                0x0000000010005640                usbd_open_edpt_pair
 .text.usbd_edpt_open
                0x00000000100056dc       0x34 CMakeFiles/PICO_FREERTOS.dir/home/eduarda/2025.1/RTOS/pico/pico-sdk/lib/tinyusb/src/device/usbd.c.o
                0x00000000100056dc                usbd_edpt_open
 .text.usbd_edpt_claim
                0x0000000010005710       0x28 CMakeFiles/PICO_FREERTOS.dir/home/eduarda/2025.1/RTOS/pico/pico-sdk/lib/tinyusb/src/device/usbd.c.o
                0x0000000010005710                usbd_edpt_claim
 .text.usbd_edpt_release
                0x0000000010005738       0x28 CMakeFiles/PICO_FREERTOS.dir/home/eduarda/2025.1/RTOS/pico/pico-sdk/lib/tinyusb/src/device/usbd.c.o
                0x0000000010005738                usbd_edpt_release
 .text.usbd_edpt_xfer
                0x0000000010005760       0x4c CMakeFiles/PICO_FREERTOS.dir/home/eduarda/2025.1/RTOS/pico/pico-sdk/lib/tinyusb/src/device/usbd.c.o
                0x0000000010005760                usbd_edpt_xfer
 .text.tud_control_status
                0x00000000100057ac       0x30 CMakeFiles/PICO_FREERTOS.dir/home/eduarda/2025.1/RTOS/pico/pico-sdk/lib/tinyusb/src/device/usbd_control.c.o
                0x00000000100057ac                tud_control_status
 .text.tud_control_xfer
                0x00000000100057dc       0xbc CMakeFiles/PICO_FREERTOS.dir/home/eduarda/2025.1/RTOS/pico/pico-sdk/lib/tinyusb/src/device/usbd_control.c.o
                0x00000000100057dc                tud_control_xfer
 .text.usbd_control_reset
                0x0000000010005898       0x14 CMakeFiles/PICO_FREERTOS.dir/home/eduarda/2025.1/RTOS/pico/pico-sdk/lib/tinyusb/src/device/usbd_control.c.o
                0x0000000010005898                usbd_control_reset
 .text.usbd_control_set_complete_callback
                0x00000000100058ac        0xc CMakeFiles/PICO_FREERTOS.dir/home/eduarda/2025.1/RTOS/pico/pico-sdk/lib/tinyusb/src/device/usbd_control.c.o
                0x00000000100058ac                usbd_control_set_complete_callback
 .text.usbd_control_set_request
                0x00000000100058b8       0x1c CMakeFiles/PICO_FREERTOS.dir/home/eduarda/2025.1/RTOS/pico/pico-sdk/lib/tinyusb/src/device/usbd_control.c.o
                0x00000000100058b8                usbd_control_set_request
 .text.usbd_control_xfer_cb
                0x00000000100058d4       0xf0 CMakeFiles/PICO_FREERTOS.dir/home/eduarda/2025.1/RTOS/pico/pico-sdk/lib/tinyusb/src/device/usbd_control.c.o
                0x00000000100058d4                usbd_control_xfer_cb
 .text._prep_out_transaction.isra.0
                0x00000000100059c4       0x6c CMakeFiles/PICO_FREERTOS.dir/home/eduarda/2025.1/RTOS/pico/pico-sdk/lib/tinyusb/src/class/cdc/cdc_device.c.o
 .text.tud_cdc_n_connected
                0x0000000010005a30       0x2c CMakeFiles/PICO_FREERTOS.dir/home/eduarda/2025.1/RTOS/pico/pico-sdk/lib/tinyusb/src/class/cdc/cdc_device.c.o
                0x0000000010005a30                tud_cdc_n_connected
 .text.tud_cdc_n_available
                0x0000000010005a5c       0x18 CMakeFiles/PICO_FREERTOS.dir/home/eduarda/2025.1/RTOS/pico/pico-sdk/lib/tinyusb/src/class/cdc/cdc_device.c.o
                0x0000000010005a5c                tud_cdc_n_available
 .text.tud_cdc_n_read
                0x0000000010005a74       0x94 CMakeFiles/PICO_FREERTOS.dir/home/eduarda/2025.1/RTOS/pico/pico-sdk/lib/tinyusb/src/class/cdc/cdc_device.c.o
                0x0000000010005a74                tud_cdc_n_read
 .text.tud_cdc_n_write_flush
                0x0000000010005b08       0x78 CMakeFiles/PICO_FREERTOS.dir/home/eduarda/2025.1/RTOS/pico/pico-sdk/lib/tinyusb/src/class/cdc/cdc_device.c.o
                0x0000000010005b08                tud_cdc_n_write_flush
 .text.tud_cdc_n_write
                0x0000000010005b80       0x44 CMakeFiles/PICO_FREERTOS.dir/home/eduarda/2025.1/RTOS/pico/pico-sdk/lib/tinyusb/src/class/cdc/cdc_device.c.o
                0x0000000010005b80                tud_cdc_n_write
 .text.tud_cdc_n_write_available
                0x0000000010005bc4       0x18 CMakeFiles/PICO_FREERTOS.dir/home/eduarda/2025.1/RTOS/pico/pico-sdk/lib/tinyusb/src/class/cdc/cdc_device.c.o
                0x0000000010005bc4                tud_cdc_n_write_available
 .text.cdcd_init
                0x0000000010005bdc       0x70 CMakeFiles/PICO_FREERTOS.dir/home/eduarda/2025.1/RTOS/pico/pico-sdk/lib/tinyusb/src/class/cdc/cdc_device.c.o
                0x0000000010005bdc                cdcd_init
 .text.cdcd_deinit
                0x0000000010005c4c       0x24 CMakeFiles/PICO_FREERTOS.dir/home/eduarda/2025.1/RTOS/pico/pico-sdk/lib/tinyusb/src/class/cdc/cdc_device.c.o
                0x0000000010005c4c                cdcd_deinit
 .text.cdcd_reset
                0x0000000010005c70       0x4c CMakeFiles/PICO_FREERTOS.dir/home/eduarda/2025.1/RTOS/pico/pico-sdk/lib/tinyusb/src/class/cdc/cdc_device.c.o
                0x0000000010005c70                cdcd_reset
 .text.cdcd_open
                0x0000000010005cbc       0xa8 CMakeFiles/PICO_FREERTOS.dir/home/eduarda/2025.1/RTOS/pico/pico-sdk/lib/tinyusb/src/class/cdc/cdc_device.c.o
                0x0000000010005cbc                cdcd_open
 .text.cdcd_control_xfer_cb
                0x0000000010005d64       0xe8 CMakeFiles/PICO_FREERTOS.dir/home/eduarda/2025.1/RTOS/pico/pico-sdk/lib/tinyusb/src/class/cdc/cdc_device.c.o
                0x0000000010005d64                cdcd_control_xfer_cb
 .text.cdcd_xfer_cb
                0x0000000010005e4c       0xfc CMakeFiles/PICO_FREERTOS.dir/home/eduarda/2025.1/RTOS/pico/pico-sdk/lib/tinyusb/src/class/cdc/cdc_device.c.o
                0x0000000010005e4c                cdcd_xfer_cb
 .text.vendord_init
                0x0000000010005f48       0x5c CMakeFiles/PICO_FREERTOS.dir/home/eduarda/2025.1/RTOS/pico/pico-sdk/lib/tinyusb/src/class/vendor/vendor_device.c.o
                0x0000000010005f48                vendord_init
 .text.vendord_deinit
                0x0000000010005fa4       0x1c CMakeFiles/PICO_FREERTOS.dir/home/eduarda/2025.1/RTOS/pico/pico-sdk/lib/tinyusb/src/class/vendor/vendor_device.c.o
                0x0000000010005fa4                vendord_deinit
 .text.vendord_reset
                0x0000000010005fc0       0x28 CMakeFiles/PICO_FREERTOS.dir/home/eduarda/2025.1/RTOS/pico/pico-sdk/lib/tinyusb/src/class/vendor/vendor_device.c.o
                0x0000000010005fc0                vendord_reset
 .text.vendord_open
                0x0000000010005fe8      0x128 CMakeFiles/PICO_FREERTOS.dir/home/eduarda/2025.1/RTOS/pico/pico-sdk/lib/tinyusb/src/class/vendor/vendor_device.c.o
                0x0000000010005fe8                vendord_open
 .text.vendord_xfer_cb
                0x0000000010006110       0x9c CMakeFiles/PICO_FREERTOS.dir/home/eduarda/2025.1/RTOS/pico/pico-sdk/lib/tinyusb/src/class/vendor/vendor_device.c.o
                0x0000000010006110                vendord_xfer_cb
 .text.tusb_rhport_init
                0x00000000100061ac       0x48 CMakeFiles/PICO_FREERTOS.dir/home/eduarda/2025.1/RTOS/pico/pico-sdk/lib/tinyusb/src/tusb.c.o
                0x00000000100061ac                tusb_rhport_init
 .text.tu_edpt_claim
                0x00000000100061f4       0x50 CMakeFiles/PICO_FREERTOS.dir/home/eduarda/2025.1/RTOS/pico/pico-sdk/lib/tinyusb/src/tusb.c.o
                0x00000000100061f4                tu_edpt_claim
 .text.tu_edpt_release
                0x0000000010006244       0x38 CMakeFiles/PICO_FREERTOS.dir/home/eduarda/2025.1/RTOS/pico/pico-sdk/lib/tinyusb/src/tusb.c.o
                0x0000000010006244                tu_edpt_release
 .text.tu_edpt_validate
                0x000000001000627c       0x78 CMakeFiles/PICO_FREERTOS.dir/home/eduarda/2025.1/RTOS/pico/pico-sdk/lib/tinyusb/src/tusb.c.o
                0x000000001000627c                tu_edpt_validate
 .text.tu_edpt_bind_driver
                0x00000000100062f4       0x34 CMakeFiles/PICO_FREERTOS.dir/home/eduarda/2025.1/RTOS/pico/pico-sdk/lib/tinyusb/src/tusb.c.o
                0x00000000100062f4                tu_edpt_bind_driver
 .text.tu_edpt_stream_init
                0x0000000010006328       0x6c CMakeFiles/PICO_FREERTOS.dir/home/eduarda/2025.1/RTOS/pico/pico-sdk/lib/tinyusb/src/tusb.c.o
                0x0000000010006328                tu_edpt_stream_init
 .text.tu_edpt_stream_deinit
                0x0000000010006394        0x4 CMakeFiles/PICO_FREERTOS.dir/home/eduarda/2025.1/RTOS/pico/pico-sdk/lib/tinyusb/src/tusb.c.o
                0x0000000010006394                tu_edpt_stream_deinit
 .text.tu_edpt_stream_write_zlp_if_needed
                0x0000000010006398       0x58 CMakeFiles/PICO_FREERTOS.dir/home/eduarda/2025.1/RTOS/pico/pico-sdk/lib/tinyusb/src/tusb.c.o
                0x0000000010006398                tu_edpt_stream_write_zlp_if_needed
 .text.tu_edpt_stream_write_xfer
                0x00000000100063f0       0x64 CMakeFiles/PICO_FREERTOS.dir/home/eduarda/2025.1/RTOS/pico/pico-sdk/lib/tinyusb/src/tusb.c.o
                0x00000000100063f0                tu_edpt_stream_write_xfer
 .text.tu_edpt_stream_read_xfer
                0x0000000010006454       0xdc CMakeFiles/PICO_FREERTOS.dir/home/eduarda/2025.1/RTOS/pico/pico-sdk/lib/tinyusb/src/tusb.c.o
                0x0000000010006454                tu_edpt_stream_read_xfer
 .text.tu_fifo_config
                0x0000000010006530       0x70 CMakeFiles/PICO_FREERTOS.dir/home/eduarda/2025.1/RTOS/pico/pico-sdk/lib/tinyusb/src/common/tusb_fifo.c.o
                0x0000000010006530                tu_fifo_config
 .text.tu_fifo_count
                0x00000000100065a0       0x2c CMakeFiles/PICO_FREERTOS.dir/home/eduarda/2025.1/RTOS/pico/pico-sdk/lib/tinyusb/src/common/tusb_fifo.c.o
                0x00000000100065a0                tu_fifo_count
 .text.tu_fifo_empty
                0x00000000100065cc       0x10 CMakeFiles/PICO_FREERTOS.dir/home/eduarda/2025.1/RTOS/pico/pico-sdk/lib/tinyusb/src/common/tusb_fifo.c.o
                0x00000000100065cc                tu_fifo_empty
 .text.tu_fifo_remaining
                0x00000000100065dc       0x2c CMakeFiles/PICO_FREERTOS.dir/home/eduarda/2025.1/RTOS/pico/pico-sdk/lib/tinyusb/src/common/tusb_fifo.c.o
                0x00000000100065dc                tu_fifo_remaining
 .text.tu_fifo_read
                0x0000000010006608       0xa0 CMakeFiles/PICO_FREERTOS.dir/home/eduarda/2025.1/RTOS/pico/pico-sdk/lib/tinyusb/src/common/tusb_fifo.c.o
                0x0000000010006608                tu_fifo_read
 .text.tu_fifo_read_n
                0x00000000100066a8       0xec CMakeFiles/PICO_FREERTOS.dir/home/eduarda/2025.1/RTOS/pico/pico-sdk/lib/tinyusb/src/common/tusb_fifo.c.o
                0x00000000100066a8                tu_fifo_read_n
 .text.tu_fifo_write
                0x0000000010006794       0x88 CMakeFiles/PICO_FREERTOS.dir/home/eduarda/2025.1/RTOS/pico/pico-sdk/lib/tinyusb/src/common/tusb_fifo.c.o
                0x0000000010006794                tu_fifo_write
 .text.tu_fifo_write_n
                0x000000001000681c      0x168 CMakeFiles/PICO_FREERTOS.dir/home/eduarda/2025.1/RTOS/pico/pico-sdk/lib/tinyusb/src/common/tusb_fifo.c.o
                0x000000001000681c                tu_fifo_write_n
 .text.tu_fifo_clear
                0x0000000010006984       0x40 CMakeFiles/PICO_FREERTOS.dir/home/eduarda/2025.1/RTOS/pico/pico-sdk/lib/tinyusb/src/common/tusb_fifo.c.o
                0x0000000010006984                tu_fifo_clear
 .text.tu_fifo_set_overwritable
                0x00000000100069c4       0x48 CMakeFiles/PICO_FREERTOS.dir/home/eduarda/2025.1/RTOS/pico/pico-sdk/lib/tinyusb/src/common/tusb_fifo.c.o
                0x00000000100069c4                tu_fifo_set_overwritable
 .text.exception_set_exclusive_handler
                0x0000000010006a0c       0x48 CMakeFiles/PICO_FREERTOS.dir/home/eduarda/2025.1/RTOS/pico/pico-sdk/src/rp2_common/hardware_exception/exception.c.o
                0x0000000010006a0c                exception_set_exclusive_handler
 .text.pvPortMalloc
                0x0000000010006a54      0x114 CMakeFiles/PICO_FREERTOS.dir/home/eduarda/2025.1/RTOS/FreeRTOS/FreeRTOS/Source/portable/MemMang/heap_4.c.o
                0x0000000010006a54                pvPortMalloc
 .text.vPortFree
                0x0000000010006b68       0x8c CMakeFiles/PICO_FREERTOS.dir/home/eduarda/2025.1/RTOS/FreeRTOS/FreeRTOS/Source/portable/MemMang/heap_4.c.o
                0x0000000010006b68                vPortFree
 *fill*         0x0000000010006bf4        0xc 
 .text.vPortStartFirstTask
                0x0000000010006c00       0x38 CMakeFiles/PICO_FREERTOS.dir/home/eduarda/2025.1/RTOS/FreeRTOS/FreeRTOS/Source/portable/ThirdParty/GCC/RP2040/port.c.o
 .text.prvFIFOInterruptHandler
                0x0000000010006c38       0x2c CMakeFiles/PICO_FREERTOS.dir/home/eduarda/2025.1/RTOS/FreeRTOS/FreeRTOS/Source/portable/ThirdParty/GCC/RP2040/port.c.o
 *fill*         0x0000000010006c64        0xc 
 .text.xPortPendSVHandler
                0x0000000010006c70       0x78 CMakeFiles/PICO_FREERTOS.dir/home/eduarda/2025.1/RTOS/FreeRTOS/FreeRTOS/Source/portable/ThirdParty/GCC/RP2040/port.c.o
                0x0000000010006c70                xPortPendSVHandler
 .text.prvTaskExitError
                0x0000000010006ce8        0x8 CMakeFiles/PICO_FREERTOS.dir/home/eduarda/2025.1/RTOS/FreeRTOS/FreeRTOS/Source/portable/ThirdParty/GCC/RP2040/port.c.o
 .text.xPortSysTickHandler
                0x0000000010006cf0       0x24 CMakeFiles/PICO_FREERTOS.dir/home/eduarda/2025.1/RTOS/FreeRTOS/FreeRTOS/Source/portable/ThirdParty/GCC/RP2040/port.c.o
                0x0000000010006cf0                xPortSysTickHandler
 .text.vPortSVCHandler
                0x0000000010006d14        0x4 CMakeFiles/PICO_FREERTOS.dir/home/eduarda/2025.1/RTOS/FreeRTOS/FreeRTOS/Source/portable/ThirdParty/GCC/RP2040/port.c.o
                0x0000000010006d14                vPortSVCHandler
 .text.pxPortInitialiseStack
                0x0000000010006d18       0x20 CMakeFiles/PICO_FREERTOS.dir/home/eduarda/2025.1/RTOS/FreeRTOS/FreeRTOS/Source/portable/ThirdParty/GCC/RP2040/port.c.o
                0x0000000010006d18                pxPortInitialiseStack
 .text.vPortYield
                0x0000000010006d38       0x18 CMakeFiles/PICO_FREERTOS.dir/home/eduarda/2025.1/RTOS/FreeRTOS/FreeRTOS/Source/portable/ThirdParty/GCC/RP2040/port.c.o
                0x0000000010006d38                vPortYield
 .text.ulSetInterruptMaskFromISR
                0x0000000010006d50        0x8 CMakeFiles/PICO_FREERTOS.dir/home/eduarda/2025.1/RTOS/FreeRTOS/FreeRTOS/Source/portable/ThirdParty/GCC/RP2040/port.c.o
                0x0000000010006d50                ulSetInterruptMaskFromISR
 .text.vClearInterruptMaskFromISR
                0x0000000010006d58        0x8 CMakeFiles/PICO_FREERTOS.dir/home/eduarda/2025.1/RTOS/FreeRTOS/FreeRTOS/Source/portable/ThirdParty/GCC/RP2040/port.c.o
                0x0000000010006d58                vClearInterruptMaskFromISR
 .text.vYieldCore
                0x0000000010006d60        0xc CMakeFiles/PICO_FREERTOS.dir/home/eduarda/2025.1/RTOS/FreeRTOS/FreeRTOS/Source/portable/ThirdParty/GCC/RP2040/port.c.o
                0x0000000010006d60                vYieldCore
 .text.vPortSetupTimerInterrupt
                0x0000000010006d6c       0x34 CMakeFiles/PICO_FREERTOS.dir/home/eduarda/2025.1/RTOS/FreeRTOS/FreeRTOS/Source/portable/ThirdParty/GCC/RP2040/port.c.o
                0x0000000010006d6c                vPortSetupTimerInterrupt
 .text.xPortStartSchedulerOnCore.isra.0
                0x0000000010006da0       0xa4 CMakeFiles/PICO_FREERTOS.dir/home/eduarda/2025.1/RTOS/FreeRTOS/FreeRTOS/Source/portable/ThirdParty/GCC/RP2040/port.c.o
 .text.prvDisableInterruptsAndPortStartSchedulerOnCore
                0x0000000010006e44        0x8 CMakeFiles/PICO_FREERTOS.dir/home/eduarda/2025.1/RTOS/FreeRTOS/FreeRTOS/Source/portable/ThirdParty/GCC/RP2040/port.c.o
 .text.xPortStartScheduler
                0x0000000010006e4c       0x2c CMakeFiles/PICO_FREERTOS.dir/home/eduarda/2025.1/RTOS/FreeRTOS/FreeRTOS/Source/portable/ThirdParty/GCC/RP2040/port.c.o
                0x0000000010006e4c                xPortStartScheduler
 .text.ulPortLockGetCurrentOwnerId
                0x0000000010006e78       0x30 CMakeFiles/PICO_FREERTOS.dir/home/eduarda/2025.1/RTOS/FreeRTOS/FreeRTOS/Source/portable/ThirdParty/GCC/RP2040/port.c.o
                0x0000000010006e78                ulPortLockGetCurrentOwnerId
 .text.vPortLockInternalSpinUnlockWithWait
                0x0000000010006ea8       0x68 CMakeFiles/PICO_FREERTOS.dir/home/eduarda/2025.1/RTOS/FreeRTOS/FreeRTOS/Source/portable/ThirdParty/GCC/RP2040/port.c.o
                0x0000000010006ea8                vPortLockInternalSpinUnlockWithWait
 .text.vPortLockInternalSpinUnlockWithNotify
                0x0000000010006f10       0x88 CMakeFiles/PICO_FREERTOS.dir/home/eduarda/2025.1/RTOS/FreeRTOS/FreeRTOS/Source/portable/ThirdParty/GCC/RP2040/port.c.o
                0x0000000010006f10                vPortLockInternalSpinUnlockWithNotify
 .text.xPortLockInternalSpinUnlockWithBestEffortWaitOrTimeout
                0x0000000010006f98       0xe4 CMakeFiles/PICO_FREERTOS.dir/home/eduarda/2025.1/RTOS/FreeRTOS/FreeRTOS/Source/portable/ThirdParty/GCC/RP2040/port.c.o
                0x0000000010006f98                xPortLockInternalSpinUnlockWithBestEffortWaitOrTimeout
 .text.startup.prvRuntimeInitializer
                0x000000001000707c       0x10 CMakeFiles/PICO_FREERTOS.dir/home/eduarda/2025.1/RTOS/FreeRTOS/FreeRTOS/Source/portable/ThirdParty/GCC/RP2040/port.c.o
 .text.vEventGroupSetBitsCallback
                0x000000001000708c       0x8c CMakeFiles/PICO_FREERTOS.dir/home/eduarda/2025.1/RTOS/FreeRTOS/FreeRTOS/Source/event_groups.c.o
                0x000000001000708c                vEventGroupSetBitsCallback
 .text.xEventGroupCreate
                0x0000000010007118       0x18 CMakeFiles/PICO_FREERTOS.dir/home/eduarda/2025.1/RTOS/FreeRTOS/FreeRTOS/Source/event_groups.c.o
                0x0000000010007118                xEventGroupCreate
 .text.xEventGroupWaitBits
                0x0000000010007130       0xb8 CMakeFiles/PICO_FREERTOS.dir/home/eduarda/2025.1/RTOS/FreeRTOS/FreeRTOS/Source/event_groups.c.o
                0x0000000010007130                xEventGroupWaitBits
 .text.xEventGroupSetBits
                0x00000000100071e8       0x90 CMakeFiles/PICO_FREERTOS.dir/home/eduarda/2025.1/RTOS/FreeRTOS/FreeRTOS/Source/event_groups.c.o
                0x00000000100071e8                xEventGroupSetBits
 .text.xEventGroupSetBitsFromISR
                0x0000000010007278       0x14 CMakeFiles/PICO_FREERTOS.dir/home/eduarda/2025.1/RTOS/FreeRTOS/FreeRTOS/Source/event_groups.c.o
                0x0000000010007278                xEventGroupSetBitsFromISR
 .text.vListInitialise
                0x000000001000728c       0x18 CMakeFiles/PICO_FREERTOS.dir/home/eduarda/2025.1/RTOS/FreeRTOS/FreeRTOS/Source/list.c.o
                0x000000001000728c                vListInitialise
 .text.vListInitialiseItem
                0x00000000100072a4        0x8 CMakeFiles/PICO_FREERTOS.dir/home/eduarda/2025.1/RTOS/FreeRTOS/FreeRTOS/Source/list.c.o
                0x00000000100072a4                vListInitialiseItem
 .text.vListInsertEnd
                0x00000000100072ac       0x18 CMakeFiles/PICO_FREERTOS.dir/home/eduarda/2025.1/RTOS/FreeRTOS/FreeRTOS/Source/list.c.o
                0x00000000100072ac                vListInsertEnd
 .text.vListInsert
                0x00000000100072c4       0x30 CMakeFiles/PICO_FREERTOS.dir/home/eduarda/2025.1/RTOS/FreeRTOS/FreeRTOS/Source/list.c.o
                0x00000000100072c4                vListInsert
 .text.uxListRemove
                0x00000000100072f4       0x20 CMakeFiles/PICO_FREERTOS.dir/home/eduarda/2025.1/RTOS/FreeRTOS/FreeRTOS/Source/list.c.o
                0x00000000100072f4                uxListRemove
 .text.prvUnlockQueue
                0x0000000010007314      0x148 CMakeFiles/PICO_FREERTOS.dir/home/eduarda/2025.1/RTOS/FreeRTOS/FreeRTOS/Source/queue.c.o
 .text.prvNotifyQueueSetContainer
                0x000000001000745c       0x9c CMakeFiles/PICO_FREERTOS.dir/home/eduarda/2025.1/RTOS/FreeRTOS/FreeRTOS/Source/queue.c.o
 .text.xQueueGenericCreate
                0x00000000100074f8       0xa0 CMakeFiles/PICO_FREERTOS.dir/home/eduarda/2025.1/RTOS/FreeRTOS/FreeRTOS/Source/queue.c.o
                0x00000000100074f8                xQueueGenericCreate
 .text.xQueueGenericSend
                0x0000000010007598      0x1cc CMakeFiles/PICO_FREERTOS.dir/home/eduarda/2025.1/RTOS/FreeRTOS/FreeRTOS/Source/queue.c.o
                0x0000000010007598                xQueueGenericSend
 .text.xQueueCreateMutex
                0x0000000010007764       0x6c CMakeFiles/PICO_FREERTOS.dir/home/eduarda/2025.1/RTOS/FreeRTOS/FreeRTOS/Source/queue.c.o
                0x0000000010007764                xQueueCreateMutex
 .text.xQueueGenericSendFromISR
                0x00000000100077d0      0x138 CMakeFiles/PICO_FREERTOS.dir/home/eduarda/2025.1/RTOS/FreeRTOS/FreeRTOS/Source/queue.c.o
                0x00000000100077d0                xQueueGenericSendFromISR
 .text.xQueueReceive
                0x0000000010007908      0x11c CMakeFiles/PICO_FREERTOS.dir/home/eduarda/2025.1/RTOS/FreeRTOS/FreeRTOS/Source/queue.c.o
                0x0000000010007908                xQueueReceive
 .text.xQueueSemaphoreTake
                0x0000000010007a24      0x150 CMakeFiles/PICO_FREERTOS.dir/home/eduarda/2025.1/RTOS/FreeRTOS/FreeRTOS/Source/queue.c.o
                0x0000000010007a24                xQueueSemaphoreTake
 .text.vQueueAddToRegistry
                0x0000000010007b74       0xec CMakeFiles/PICO_FREERTOS.dir/home/eduarda/2025.1/RTOS/FreeRTOS/FreeRTOS/Source/queue.c.o
                0x0000000010007b74                vQueueAddToRegistry
 .text.vQueueWaitForMessageRestricted
                0x0000000010007c60       0x48 CMakeFiles/PICO_FREERTOS.dir/home/eduarda/2025.1/RTOS/FreeRTOS/FreeRTOS/Source/queue.c.o
                0x0000000010007c60                vQueueWaitForMessageRestricted
 .text.prvPassiveIdleTask
                0x0000000010007ca8       0x20 CMakeFiles/PICO_FREERTOS.dir/home/eduarda/2025.1/RTOS/FreeRTOS/FreeRTOS/Source/tasks.c.o
 .text.prvYieldForTask
                0x0000000010007cc8       0xc0 CMakeFiles/PICO_FREERTOS.dir/home/eduarda/2025.1/RTOS/FreeRTOS/FreeRTOS/Source/tasks.c.o
 .text.prvAddCurrentTaskToDelayedList
                0x0000000010007d88      0x144 CMakeFiles/PICO_FREERTOS.dir/home/eduarda/2025.1/RTOS/FreeRTOS/FreeRTOS/Source/tasks.c.o
 .text.prvCheckForRunStateChange
                0x0000000010007ecc      0x140 CMakeFiles/PICO_FREERTOS.dir/home/eduarda/2025.1/RTOS/FreeRTOS/FreeRTOS/Source/tasks.c.o
 .text.xTaskIncrementTick.part.0
                0x000000001000800c      0x1f0 CMakeFiles/PICO_FREERTOS.dir/home/eduarda/2025.1/RTOS/FreeRTOS/FreeRTOS/Source/tasks.c.o
 .text.vTaskSuspendAll.part.0
                0x00000000100081fc       0xb8 CMakeFiles/PICO_FREERTOS.dir/home/eduarda/2025.1/RTOS/FreeRTOS/FreeRTOS/Source/tasks.c.o
 .text.vTaskSuspendAll
                0x00000000100082b4       0xc4 CMakeFiles/PICO_FREERTOS.dir/home/eduarda/2025.1/RTOS/FreeRTOS/FreeRTOS/Source/tasks.c.o
                0x00000000100082b4                vTaskSuspendAll
 .text.xTaskGetTickCount
                0x0000000010008378        0xc CMakeFiles/PICO_FREERTOS.dir/home/eduarda/2025.1/RTOS/FreeRTOS/FreeRTOS/Source/tasks.c.o
                0x0000000010008378                xTaskGetTickCount
 .text.uxTaskGetNumberOfTasks
                0x0000000010008384        0xc CMakeFiles/PICO_FREERTOS.dir/home/eduarda/2025.1/RTOS/FreeRTOS/FreeRTOS/Source/tasks.c.o
                0x0000000010008384                uxTaskGetNumberOfTasks
 .text.xTaskIncrementTick
                0x0000000010008390       0x24 CMakeFiles/PICO_FREERTOS.dir/home/eduarda/2025.1/RTOS/FreeRTOS/FreeRTOS/Source/tasks.c.o
                0x0000000010008390                xTaskIncrementTick
 .text.vTaskSwitchContext
                0x00000000100083b4      0x31c CMakeFiles/PICO_FREERTOS.dir/home/eduarda/2025.1/RTOS/FreeRTOS/FreeRTOS/Source/tasks.c.o
                0x00000000100083b4                vTaskSwitchContext
 .text.vTaskPlaceOnEventList
                0x00000000100086d0      0x148 CMakeFiles/PICO_FREERTOS.dir/home/eduarda/2025.1/RTOS/FreeRTOS/FreeRTOS/Source/tasks.c.o
                0x00000000100086d0                vTaskPlaceOnEventList
 .text.vTaskPlaceOnUnorderedEventList
                0x0000000010008818       0x9c CMakeFiles/PICO_FREERTOS.dir/home/eduarda/2025.1/RTOS/FreeRTOS/FreeRTOS/Source/tasks.c.o
                0x0000000010008818                vTaskPlaceOnUnorderedEventList
 .text.vTaskPlaceOnEventListRestricted
                0x00000000100088b4       0x8c CMakeFiles/PICO_FREERTOS.dir/home/eduarda/2025.1/RTOS/FreeRTOS/FreeRTOS/Source/tasks.c.o
                0x00000000100088b4                vTaskPlaceOnEventListRestricted
 .text.xTaskRemoveFromEventList
                0x0000000010008940       0xd4 CMakeFiles/PICO_FREERTOS.dir/home/eduarda/2025.1/RTOS/FreeRTOS/FreeRTOS/Source/tasks.c.o
                0x0000000010008940                xTaskRemoveFromEventList
 .text.vTaskInternalSetTimeOutState
                0x0000000010008a14       0x18 CMakeFiles/PICO_FREERTOS.dir/home/eduarda/2025.1/RTOS/FreeRTOS/FreeRTOS/Source/tasks.c.o
                0x0000000010008a14                vTaskInternalSetTimeOutState
 .text.xTaskCheckForTimeOut
                0x0000000010008a2c      0x1fc CMakeFiles/PICO_FREERTOS.dir/home/eduarda/2025.1/RTOS/FreeRTOS/FreeRTOS/Source/tasks.c.o
                0x0000000010008a2c                xTaskCheckForTimeOut
 .text.vTaskMissedYield
                0x0000000010008c28       0x14 CMakeFiles/PICO_FREERTOS.dir/home/eduarda/2025.1/RTOS/FreeRTOS/FreeRTOS/Source/tasks.c.o
                0x0000000010008c28                vTaskMissedYield
 .text.xTaskGetCurrentTaskHandle
                0x0000000010008c3c       0x1c CMakeFiles/PICO_FREERTOS.dir/home/eduarda/2025.1/RTOS/FreeRTOS/FreeRTOS/Source/tasks.c.o
                0x0000000010008c3c                xTaskGetCurrentTaskHandle
 .text.xTaskPriorityInherit
                0x0000000010008c58      0x100 CMakeFiles/PICO_FREERTOS.dir/home/eduarda/2025.1/RTOS/FreeRTOS/FreeRTOS/Source/tasks.c.o
                0x0000000010008c58                xTaskPriorityInherit
 .text.xTaskPriorityDisinherit
                0x0000000010008d58       0xb4 CMakeFiles/PICO_FREERTOS.dir/home/eduarda/2025.1/RTOS/FreeRTOS/FreeRTOS/Source/tasks.c.o
                0x0000000010008d58                xTaskPriorityDisinherit
 .text.vTaskPriorityDisinheritAfterTimeout
                0x0000000010008e0c       0xcc CMakeFiles/PICO_FREERTOS.dir/home/eduarda/2025.1/RTOS/FreeRTOS/FreeRTOS/Source/tasks.c.o
                0x0000000010008e0c                vTaskPriorityDisinheritAfterTimeout
 .text.vTaskYieldWithinAPI
                0x0000000010008ed8       0x34 CMakeFiles/PICO_FREERTOS.dir/home/eduarda/2025.1/RTOS/FreeRTOS/FreeRTOS/Source/tasks.c.o
                0x0000000010008ed8                vTaskYieldWithinAPI
 .text.vTaskEnterCritical
                0x0000000010008f0c       0xc0 CMakeFiles/PICO_FREERTOS.dir/home/eduarda/2025.1/RTOS/FreeRTOS/FreeRTOS/Source/tasks.c.o
                0x0000000010008f0c                vTaskEnterCritical
 .text.vTaskEnterCriticalFromISR
                0x0000000010008fcc       0x78 CMakeFiles/PICO_FREERTOS.dir/home/eduarda/2025.1/RTOS/FreeRTOS/FreeRTOS/Source/tasks.c.o
                0x0000000010008fcc                vTaskEnterCriticalFromISR
 .text.vTaskExitCritical
                0x0000000010009044       0x88 CMakeFiles/PICO_FREERTOS.dir/home/eduarda/2025.1/RTOS/FreeRTOS/FreeRTOS/Source/tasks.c.o
                0x0000000010009044                vTaskExitCritical
 .text.prvAddNewTaskToReadyList
                0x00000000100090cc       0xec CMakeFiles/PICO_FREERTOS.dir/home/eduarda/2025.1/RTOS/FreeRTOS/FreeRTOS/Source/tasks.c.o
 .text.xTaskCreate
                0x00000000100091b8      0x194 CMakeFiles/PICO_FREERTOS.dir/home/eduarda/2025.1/RTOS/FreeRTOS/FreeRTOS/Source/tasks.c.o
                0x00000000100091b8                xTaskCreate
 .text.xTaskCreateAffinitySet
                0x000000001000934c      0x194 CMakeFiles/PICO_FREERTOS.dir/home/eduarda/2025.1/RTOS/FreeRTOS/FreeRTOS/Source/tasks.c.o
                0x000000001000934c                xTaskCreateAffinitySet
 .text.vTaskStartScheduler
                0x00000000100094e0      0x130 CMakeFiles/PICO_FREERTOS.dir/home/eduarda/2025.1/RTOS/FreeRTOS/FreeRTOS/Source/tasks.c.o
                0x00000000100094e0                vTaskStartScheduler
 .text.xTaskResumeAll.part.0
                0x0000000010009610      0x17c CMakeFiles/PICO_FREERTOS.dir/home/eduarda/2025.1/RTOS/FreeRTOS/FreeRTOS/Source/tasks.c.o
 .text.xTaskResumeAll
                0x000000001000978c       0x18 CMakeFiles/PICO_FREERTOS.dir/home/eduarda/2025.1/RTOS/FreeRTOS/FreeRTOS/Source/tasks.c.o
                0x000000001000978c                xTaskResumeAll
 .text.vTaskDelay
                0x00000000100097a4       0x70 CMakeFiles/PICO_FREERTOS.dir/home/eduarda/2025.1/RTOS/FreeRTOS/FreeRTOS/Source/tasks.c.o
                0x00000000100097a4                vTaskDelay
 .text.vTaskRemoveFromUnorderedEventList
                0x0000000010009814       0x90 CMakeFiles/PICO_FREERTOS.dir/home/eduarda/2025.1/RTOS/FreeRTOS/FreeRTOS/Source/tasks.c.o
                0x0000000010009814                vTaskRemoveFromUnorderedEventList
 .text.prvIdleTask
                0x00000000100098a4      0x160 CMakeFiles/PICO_FREERTOS.dir/home/eduarda/2025.1/RTOS/FreeRTOS/FreeRTOS/Source/tasks.c.o
 .text.vTaskExitCriticalFromISR
                0x0000000010009a04       0x58 CMakeFiles/PICO_FREERTOS.dir/home/eduarda/2025.1/RTOS/FreeRTOS/FreeRTOS/Source/tasks.c.o
                0x0000000010009a04                vTaskExitCriticalFromISR
 .text.uxTaskResetEventItemValue
                0x0000000010009a5c       0x48 CMakeFiles/PICO_FREERTOS.dir/home/eduarda/2025.1/RTOS/FreeRTOS/FreeRTOS/Source/tasks.c.o
                0x0000000010009a5c                uxTaskResetEventItemValue
 .text.pvTaskIncrementMutexHeldCount
                0x0000000010009aa4       0x28 CMakeFiles/PICO_FREERTOS.dir/home/eduarda/2025.1/RTOS/FreeRTOS/FreeRTOS/Source/tasks.c.o
                0x0000000010009aa4                pvTaskIncrementMutexHeldCount
 .text.prvTimerTask
                0x0000000010009acc      0x388 CMakeFiles/PICO_FREERTOS.dir/home/eduarda/2025.1/RTOS/FreeRTOS/FreeRTOS/Source/timers.c.o
 .text.xTimerCreateTimerTask
                0x0000000010009e54       0x90 CMakeFiles/PICO_FREERTOS.dir/home/eduarda/2025.1/RTOS/FreeRTOS/FreeRTOS/Source/timers.c.o
                0x0000000010009e54                xTimerCreateTimerTask
 .text.xTimerPendFunctionCallFromISR
                0x0000000010009ee4       0x28 CMakeFiles/PICO_FREERTOS.dir/home/eduarda/2025.1/RTOS/FreeRTOS/FreeRTOS/Source/timers.c.o
                0x0000000010009ee4                xTimerPendFunctionCallFromISR
 .text.core1_trampoline
                0x0000000010009f0c        0x4 CMakeFiles/PICO_FREERTOS.dir/home/eduarda/2025.1/RTOS/pico/pico-sdk/src/rp2_common/pico_multicore/multicore.c.o
 .text.core1_wrapper
                0x0000000010009f10        0xc CMakeFiles/PICO_FREERTOS.dir/home/eduarda/2025.1/RTOS/pico/pico-sdk/src/rp2_common/pico_multicore/multicore.c.o
                0x0000000010009f10                core1_wrapper
 .text.multicore_reset_core1
                0x0000000010009f1c       0x60 CMakeFiles/PICO_FREERTOS.dir/home/eduarda/2025.1/RTOS/pico/pico-sdk/src/rp2_common/pico_multicore/multicore.c.o
                0x0000000010009f1c                multicore_reset_core1
 .text.multicore_launch_core1_raw
                0x0000000010009f7c       0x84 CMakeFiles/PICO_FREERTOS.dir/home/eduarda/2025.1/RTOS/pico/pico-sdk/src/rp2_common/pico_multicore/multicore.c.o
                0x0000000010009f7c                multicore_launch_core1_raw
 .text.multicore_launch_core1
                0x000000001000a000       0x4c CMakeFiles/PICO_FREERTOS.dir/home/eduarda/2025.1/RTOS/pico/pico-sdk/src/rp2_common/pico_multicore/multicore.c.o
                0x000000001000a000                multicore_launch_core1
 .text          0x000000001000a04c       0x5c /usr/lib/gcc/arm-none-eabi/10.3.1/../../../arm-none-eabi/lib/thumb/v6-m/nofp/libg.a(lib_a-strlen-stub.o)
                0x000000001000a04c                strlen
 *(.fini)
 .fini          0x000000001000a0a8        0x4 /usr/lib/gcc/arm-none-eabi/10.3.1/thumb/v6-m/nofp/crti.o
                0x000000001000a0a8                _fini
 *fill*         0x000000001000a0ac        0x4 
 .fini.__stub   0x000000001000a0b0       0xd0 linker stubs
 *crtbegin.o(.ctors)
 *crtbegin?.o(.ctors)
 *(EXCLUDE_FILE(*crtend.o *crtend?.o) .ctors)
 *(SORT_BY_NAME(.ctors.*))
 *(.ctors)
 *crtbegin.o(.dtors)
 *crtbegin?.o(.dtors)
 *(EXCLUDE_FILE(*crtend.o *crtend?.o) .dtors)
 *(SORT_BY_NAME(.dtors.*))
 *(.dtors)
                0x000000001000a180                . = ALIGN (0x4)
                0x000000001000a180                PROVIDE (__preinit_array_start = .)
 *(SORT_BY_NAME(.preinit_array.*))
 .preinit_array.00100
                0x000000001000a180        0x4 CMakeFiles/PICO_FREERTOS.dir/home/eduarda/2025.1/RTOS/pico/pico-sdk/src/rp2_common/pico_runtime_init/runtime_init.c.o
                0x000000001000a180                __pre_init_runtime_init_early_resets
 .preinit_array.00101
                0x000000001000a184        0x4 CMakeFiles/PICO_FREERTOS.dir/home/eduarda/2025.1/RTOS/pico/pico-sdk/src/rp2_common/pico_runtime_init/runtime_init.c.o
                0x000000001000a184                __pre_init_runtime_init_usb_power_down
 .preinit_array.00275
                0x000000001000a188        0x4 CMakeFiles/PICO_FREERTOS.dir/home/eduarda/2025.1/RTOS/pico/pico-sdk/src/rp2_common/pico_bit_ops/bit_ops_aeabi.S.o
 .preinit_array.00300
                0x000000001000a18c        0x4 CMakeFiles/PICO_FREERTOS.dir/home/eduarda/2025.1/RTOS/pico/pico-sdk/src/rp2_common/pico_mem_ops/mem_ops_aeabi.S.o
 .preinit_array.00350
                0x000000001000a190        0x4 CMakeFiles/PICO_FREERTOS.dir/home/eduarda/2025.1/RTOS/pico/pico-sdk/src/rp2_common/pico_double/double_aeabi_rp2040.S.o
 .preinit_array.00350
                0x000000001000a194        0x4 CMakeFiles/PICO_FREERTOS.dir/home/eduarda/2025.1/RTOS/pico/pico-sdk/src/rp2_common/pico_float/float_aeabi_rp2040.S.o
 .preinit_array.00500
                0x000000001000a198        0x4 CMakeFiles/PICO_FREERTOS.dir/home/eduarda/2025.1/RTOS/pico/pico-sdk/src/rp2_common/pico_runtime_init/runtime_init.c.o
                0x000000001000a198                __pre_init_runtime_init_clocks
 .preinit_array.00600
                0x000000001000a19c        0x4 CMakeFiles/PICO_FREERTOS.dir/home/eduarda/2025.1/RTOS/pico/pico-sdk/src/rp2_common/pico_runtime_init/runtime_init.c.o
                0x000000001000a19c                __pre_init_runtime_init_post_clock_resets
 .preinit_array.00700
                0x000000001000a1a0        0x4 CMakeFiles/PICO_FREERTOS.dir/home/eduarda/2025.1/RTOS/pico/pico-sdk/src/rp2_common/pico_runtime_init/runtime_init.c.o
                0x000000001000a1a0                __pre_init_runtime_init_rp2040_gpio_ie_disable
 .preinit_array.01000
                0x000000001000a1a4        0x4 CMakeFiles/PICO_FREERTOS.dir/home/eduarda/2025.1/RTOS/pico/pico-sdk/src/rp2_common/pico_runtime_init/runtime_init.c.o
                0x000000001000a1a4                __pre_init_runtime_init_spin_locks_reset
 .preinit_array.01100
                0x000000001000a1a8        0x4 CMakeFiles/PICO_FREERTOS.dir/home/eduarda/2025.1/RTOS/pico/pico-sdk/src/common/pico_sync/mutex.c.o
                0x000000001000a1a8                __pre_init_runtime_init_mutex
 .preinit_array.10080
                0x000000001000a1ac        0x4 CMakeFiles/PICO_FREERTOS.dir/home/eduarda/2025.1/RTOS/pico/pico-sdk/src/rp2_common/pico_runtime_init/runtime_init.c.o
                0x000000001000a1ac                __pre_init_runtime_init_install_ram_vector_table
 .preinit_array.11000
                0x000000001000a1b0        0x4 CMakeFiles/PICO_FREERTOS.dir/home/eduarda/2025.1/RTOS/pico/pico-sdk/src/common/pico_time/time.c.o
                0x000000001000a1b0                __pre_init_runtime_init_default_alarm_pool
 .preinit_array.YYYYY
                0x000000001000a1b4        0x4 CMakeFiles/PICO_FREERTOS.dir/home/eduarda/2025.1/RTOS/pico/pico-sdk/src/rp2_common/pico_runtime/runtime.c.o
                0x000000001000a1b4                __pre_init_first_per_core_initializer
 .preinit_array.ZZZZZ.01200
                0x000000001000a1b8        0x4 CMakeFiles/PICO_FREERTOS.dir/home/eduarda/2025.1/RTOS/pico/pico-sdk/src/rp2_common/hardware_irq/irq.c.o
                0x000000001000a1b8                __pre_init_runtime_init_per_core_irq_priorities
 *(.preinit_array)
                0x000000001000a1bc                PROVIDE (__preinit_array_end = .)
                0x000000001000a1bc                . = ALIGN (0x4)
                0x000000001000a1bc                PROVIDE (__init_array_start = .)
 *(SORT_BY_NAME(.init_array.*))
 *(.init_array)
 .init_array    0x000000001000a1bc        0x4 /usr/lib/gcc/arm-none-eabi/10.3.1/thumb/v6-m/nofp/crtbegin.o
 .init_array    0x000000001000a1c0        0x4 CMakeFiles/PICO_FREERTOS.dir/home/eduarda/2025.1/RTOS/pico/pico-sdk/src/rp2_common/pico_unique_id/unique_id.c.o
 .init_array    0x000000001000a1c4        0x4 CMakeFiles/PICO_FREERTOS.dir/home/eduarda/2025.1/RTOS/FreeRTOS/FreeRTOS/Source/portable/ThirdParty/GCC/RP2040/port.c.o
                0x000000001000a1c8                PROVIDE (__init_array_end = .)
                0x000000001000a1c8                . = ALIGN (0x4)
                0x000000001000a1c8                PROVIDE (__fini_array_start = .)
 *(SORT_BY_NAME(.fini_array.*))
 *(.fini_array)
                0x000000001000a1c8                PROVIDE (__fini_array_end = .)
 *(.eh_frame*)
 .eh_frame      0x000000001000a1c8        0x0 /usr/lib/gcc/arm-none-eabi/10.3.1/thumb/v6-m/nofp/crtbegin.o
                0x000000001000a1c8                . = ALIGN (0x4)

.glue_7         0x000000001000a1c8        0x0
 .glue_7        0x000000001000a1c8        0x0 linker stubs

.glue_7t        0x000000001000a1c8        0x0
 .glue_7t       0x000000001000a1c8        0x0 linker stubs

.vfp11_veneer   0x000000001000a1c8        0x0
 .vfp11_veneer  0x000000001000a1c8        0x0 linker stubs

.v4_bx          0x000000001000a1c8        0x0
 .v4_bx         0x000000001000a1c8        0x0 linker stubs

.iplt           0x000000001000a1c8        0x0
 .iplt          0x000000001000a1c8        0x0 /usr/lib/gcc/arm-none-eabi/10.3.1/thumb/v6-m/nofp/crtbegin.o

.rodata         0x000000001000a1c8      0x8a8
 *(EXCLUDE_FILE(*libm.a: *libc.a:*lib_a-mem*.o *libgcc.a:) .rodata*)
 .rodata.vUltrasonicTask.str1.4
                0x000000001000a1c8       0x1f CMakeFiles/PICO_FREERTOS.dir/main.c.o
 *fill*         0x000000001000a1e7        0x1 
 .rodata.vMotorControlTask.str1.4
                0x000000001000a1e8       0xe6 CMakeFiles/PICO_FREERTOS.dir/main.c.o
 *fill*         0x000000001000a2ce        0x2 
 .rodata.vBluetoothTask.str1.4
                0x000000001000a2d0       0x5a CMakeFiles/PICO_FREERTOS.dir/main.c.o
 *fill*         0x000000001000a32a        0x2 
 .rodata.main.str1.4
                0x000000001000a32c       0x6c CMakeFiles/PICO_FREERTOS.dir/main.c.o
                                         0x78 (size before relaxing)
 .rodata.panic.str1.4
                0x000000001000a398       0x10 CMakeFiles/PICO_FREERTOS.dir/home/eduarda/2025.1/RTOS/pico/pico-sdk/src/rp2_common/pico_platform_panic/panic.c.o
                                         0x12 (size before relaxing)
 .rodata.panic_unsupported.str1.4
                0x000000001000a3a8        0xe CMakeFiles/PICO_FREERTOS.dir/home/eduarda/2025.1/RTOS/pico/pico-sdk/src/rp2_common/pico_platform_panic/panic.c.o
 *fill*         0x000000001000a3b6        0x2 
 .rodata.spin_lock_claim.str1.4
                0x000000001000a3b8       0x1f CMakeFiles/PICO_FREERTOS.dir/home/eduarda/2025.1/RTOS/pico/pico-sdk/src/rp2_common/hardware_sync/sync.c.o
 *fill*         0x000000001000a3d7        0x1 
 .rodata.spin_lock_claim_unused.str1.4
                0x000000001000a3d8       0x1b CMakeFiles/PICO_FREERTOS.dir/home/eduarda/2025.1/RTOS/pico/pico-sdk/src/rp2_common/hardware_sync/sync.c.o
 *fill*         0x000000001000a3f3        0x1 
 .rodata.user_irq_claim_unused.str1.4
                0x000000001000a3f4       0x1b CMakeFiles/PICO_FREERTOS.dir/home/eduarda/2025.1/RTOS/pico/pico-sdk/src/rp2_common/hardware_irq/irq.c.o
 *fill*         0x000000001000a40f        0x1 
 .rodata.timer_hardware_alarm_claim.str1.4
                0x000000001000a410       0x22 CMakeFiles/PICO_FREERTOS.dir/home/eduarda/2025.1/RTOS/pico/pico-sdk/src/rp2_common/hardware_timer/timer.c.o
 *fill*         0x000000001000a432        0x2 
 .rodata.hard_assertion_failure.str1.4
                0x000000001000a434        0xc CMakeFiles/PICO_FREERTOS.dir/home/eduarda/2025.1/RTOS/pico/pico-sdk/src/rp2_common/pico_runtime/runtime.c.o
 .rodata.missing_double_func_shim.str1.4
                0x000000001000a440       0x18 CMakeFiles/PICO_FREERTOS.dir/home/eduarda/2025.1/RTOS/pico/pico-sdk/src/rp2_common/pico_double/double_init_rom_rp2040.c.o
 .rodata.missing_float_func_shim.str1.4
                0x000000001000a458       0x18 CMakeFiles/PICO_FREERTOS.dir/home/eduarda/2025.1/RTOS/pico/pico-sdk/src/rp2_common/pico_float/float_init_rom_rp2040.c.o
                                          0x1 (size before relaxing)
 .rodata.str1.4
                0x000000001000a458       0x44 CMakeFiles/PICO_FREERTOS.dir/home/eduarda/2025.1/RTOS/pico/pico-sdk/src/rp2_common/pico_standard_binary_info/standard_binary_info.c.o
 .rodata.__bi_26
                0x000000001000a49c        0xc CMakeFiles/PICO_FREERTOS.dir/home/eduarda/2025.1/RTOS/pico/pico-sdk/src/rp2_common/pico_standard_binary_info/standard_binary_info.c.o
 .rodata.__bi_34
                0x000000001000a4a8        0xc CMakeFiles/PICO_FREERTOS.dir/home/eduarda/2025.1/RTOS/pico/pico-sdk/src/rp2_common/pico_standard_binary_info/standard_binary_info.c.o
 .rodata.__bi_42
                0x000000001000a4b4        0xc CMakeFiles/PICO_FREERTOS.dir/home/eduarda/2025.1/RTOS/pico/pico-sdk/src/rp2_common/pico_standard_binary_info/standard_binary_info.c.o
 .rodata.__bi_48
                0x000000001000a4c0        0xc CMakeFiles/PICO_FREERTOS.dir/home/eduarda/2025.1/RTOS/pico/pico-sdk/src/rp2_common/pico_standard_binary_info/standard_binary_info.c.o
 .rodata.__bi_54
                0x000000001000a4cc        0xc CMakeFiles/PICO_FREERTOS.dir/home/eduarda/2025.1/RTOS/pico/pico-sdk/src/rp2_common/pico_standard_binary_info/standard_binary_info.c.o
 .rodata.__bi_78
                0x000000001000a4d8        0xc CMakeFiles/PICO_FREERTOS.dir/home/eduarda/2025.1/RTOS/pico/pico-sdk/src/rp2_common/pico_standard_binary_info/standard_binary_info.c.o
 .rodata.__bi_84
                0x000000001000a4e4        0xc CMakeFiles/PICO_FREERTOS.dir/home/eduarda/2025.1/RTOS/pico/pico-sdk/src/rp2_common/pico_standard_binary_info/standard_binary_info.c.o
 .rodata._ftoa.str1.4
                0x000000001000a4f0       0x15 CMakeFiles/PICO_FREERTOS.dir/home/eduarda/2025.1/RTOS/pico/pico-sdk/src/rp2_common/pico_printf/printf.c.o
 *fill*         0x000000001000a505        0x3 
 .rodata._vsnprintf
                0x000000001000a508      0x1e0 CMakeFiles/PICO_FREERTOS.dir/home/eduarda/2025.1/RTOS/pico/pico-sdk/src/rp2_common/pico_printf/printf.c.o
 .rodata.pow10.0
                0x000000001000a6e8       0x50 CMakeFiles/PICO_FREERTOS.dir/home/eduarda/2025.1/RTOS/pico/pico-sdk/src/rp2_common/pico_printf/printf.c.o
 .rodata.crlf_str.0
                0x000000001000a738        0x2 CMakeFiles/PICO_FREERTOS.dir/home/eduarda/2025.1/RTOS/pico/pico-sdk/src/rp2_common/pico_stdio/stdio.c.o
 *fill*         0x000000001000a73a        0x2 
 .rodata._resetd_driver
                0x000000001000a73c       0x20 CMakeFiles/PICO_FREERTOS.dir/home/eduarda/2025.1/RTOS/pico/pico-sdk/src/rp2_common/pico_stdio_usb/reset_interface.c.o
 .rodata.desc_bos